Component: ARM Compiler 5.06 update 6 (build 750) Tool: armlink [4d35ed]

==============================================================================

Section Cross References

    startup_stm32f412zx.o(RESET) refers to startup_stm32f412zx.o(STACK) for __initial_sp
    startup_stm32f412zx.o(RESET) refers to startup_stm32f412zx.o(.text) for Reset_Handler
    startup_stm32f412zx.o(RESET) refers to stm32f4xx_it.o(i.NMI_Handler) for NMI_Handler
    startup_stm32f412zx.o(RESET) refers to stm32f4xx_it.o(i.HardFault_Handler) for HardFault_Handler
    startup_stm32f412zx.o(RESET) refers to stm32f4xx_it.o(i.MemManage_Handler) for MemManage_Handler
    startup_stm32f412zx.o(RESET) refers to stm32f4xx_it.o(i.BusFault_Handler) for BusFault_Handler
    startup_stm32f412zx.o(RESET) refers to stm32f4xx_it.o(i.UsageFault_Handler) for UsageFault_Handler
    startup_stm32f412zx.o(RESET) refers to stm32f4xx_it.o(i.SVC_Handler) for SVC_Handler
    startup_stm32f412zx.o(RESET) refers to stm32f4xx_it.o(i.DebugMon_Handler) for DebugMon_Handler
    startup_stm32f412zx.o(RESET) refers to stm32f4xx_it.o(i.PendSV_Handler) for PendSV_Handler
    startup_stm32f412zx.o(RESET) refers to stm32f4xx_it.o(i.SysTick_Handler) for SysTick_Handler
    startup_stm32f412zx.o(RESET) refers to stm32f4xx_it.o(i.DMA1_Stream3_IRQHandler) for DMA1_Stream3_IRQHandler
    startup_stm32f412zx.o(RESET) refers to stm32f4xx_it.o(i.TIM1_UP_TIM10_IRQHandler) for TIM1_UP_TIM10_IRQHandler
    startup_stm32f412zx.o(RESET) refers to stm32f4xx_it.o(i.USART3_IRQHandler) for USART3_IRQHandler
    startup_stm32f412zx.o(RESET) refers to stm32f4xx_it.o(i.OTG_FS_IRQHandler) for OTG_FS_IRQHandler
    startup_stm32f412zx.o(.text) refers to system_stm32f4xx.o(i.SystemInit) for SystemInit
    startup_stm32f412zx.o(.text) refers to entry.o(.ARM.Collect$$$$00000000) for __main
    main.o(i.MX_GPIO_Init) refers to memseta.o(.text) for __aeabi_memclr4
    main.o(i.MX_GPIO_Init) refers to stm32f4xx_hal_gpio.o(i.HAL_GPIO_WritePin) for HAL_GPIO_WritePin
    main.o(i.MX_GPIO_Init) refers to stm32f4xx_hal_gpio.o(i.HAL_GPIO_Init) for HAL_GPIO_Init
    main.o(i.MX_TIM1_Init) refers to stm32f4xx_hal_tim.o(i.HAL_TIM_Base_Init) for HAL_TIM_Base_Init
    main.o(i.MX_TIM1_Init) refers to stm32f4xx_hal_tim.o(i.HAL_TIM_ConfigClockSource) for HAL_TIM_ConfigClockSource
    main.o(i.MX_TIM1_Init) refers to stm32f4xx_hal_tim_ex.o(i.HAL_TIMEx_MasterConfigSynchronization) for HAL_TIMEx_MasterConfigSynchronization
    main.o(i.MX_TIM1_Init) refers to main.o(.bss) for .bss
    main.o(i.SystemClock_Config) refers to memseta.o(.text) for __aeabi_memclr4
    main.o(i.SystemClock_Config) refers to stm32f4xx_hal_rcc_ex.o(i.HAL_RCC_OscConfig) for HAL_RCC_OscConfig
    main.o(i.SystemClock_Config) refers to stm32f4xx_hal_rcc.o(i.HAL_RCC_ClockConfig) for HAL_RCC_ClockConfig
    main.o(i.SystemClock_Config) refers to stm32f4xx_hal_rcc_ex.o(i.HAL_RCCEx_PeriphCLKConfig) for HAL_RCCEx_PeriphCLKConfig
    main.o(i.main) refers to stm32f4xx_hal.o(i.HAL_Init) for HAL_Init
    main.o(i.main) refers to main.o(i.SystemClock_Config) for SystemClock_Config
    main.o(i.main) refers to main.o(i.MX_GPIO_Init) for MX_GPIO_Init
    main.o(i.main) refers to stm32f4xx_hal_cortex.o(i.HAL_NVIC_SetPriority) for HAL_NVIC_SetPriority
    main.o(i.main) refers to stm32f4xx_hal_cortex.o(i.HAL_NVIC_EnableIRQ) for HAL_NVIC_EnableIRQ
    main.o(i.main) refers to stm32f4xx_hal_uart.o(i.HAL_UART_Init) for HAL_UART_Init
    main.o(i.main) refers to usb_device.o(i.MX_USB_DEVICE_Init) for MX_USB_DEVICE_Init
    main.o(i.main) refers to main.o(i.MX_TIM1_Init) for MX_TIM1_Init
    main.o(i.main) refers to main.o(.bss) for .bss
    usb_device.o(i.MX_USB_DEVICE_Init) refers to usbd_core.o(i.USBD_Init) for USBD_Init
    usb_device.o(i.MX_USB_DEVICE_Init) refers to usbd_core.o(i.USBD_RegisterClass) for USBD_RegisterClass
    usb_device.o(i.MX_USB_DEVICE_Init) refers to usbd_cdc.o(i.USBD_CDC_RegisterInterface) for USBD_CDC_RegisterInterface
    usb_device.o(i.MX_USB_DEVICE_Init) refers to usbd_core.o(i.USBD_Start) for USBD_Start
    usb_device.o(i.MX_USB_DEVICE_Init) refers to usbd_desc.o(.data) for FS_Desc
    usb_device.o(i.MX_USB_DEVICE_Init) refers to usb_device.o(.bss) for .bss
    usb_device.o(i.MX_USB_DEVICE_Init) refers to usbd_cdc.o(.data) for USBD_CDC
    usb_device.o(i.MX_USB_DEVICE_Init) refers to usbd_cdc_if.o(.data) for USBD_Interface_fops_FS
    usbd_conf.o(i.HAL_GPIO_EXTI_Callback) refers to stm32f4xx_hal_pcd_ex.o(i.HAL_PCDEx_BCD_VBUSDetect) for HAL_PCDEx_BCD_VBUSDetect
    usbd_conf.o(i.HAL_GPIO_EXTI_Callback) refers to usbd_conf.o(.bss) for .bss
    usbd_conf.o(i.HAL_PCDEx_LPM_Callback) refers to usbd_core.o(i.USBD_LL_Suspend) for USBD_LL_Suspend
    usbd_conf.o(i.HAL_PCDEx_LPM_Callback) refers to main.o(i.SystemClock_Config) for SystemClock_Config
    usbd_conf.o(i.HAL_PCDEx_LPM_Callback) refers to usbd_core.o(i.USBD_LL_Resume) for USBD_LL_Resume
[...]
    i.HAL_TIMEx_BreakCallback                0x08001f28   Section        0  stm32f4xx_hal_tim_ex.o(i.HAL_TIMEx_BreakCallback)
    i.HAL_TIMEx_CommutationCallback          0x08001f2a   Section        0  stm32f4xx_hal_tim_ex.o(i.HAL_TIMEx_CommutationCallback)
    i.HAL_TIMEx_MasterConfigSynchronization  0x08001f2c   Section        0  stm32f4xx_hal_tim_ex.o(i.HAL_TIMEx_MasterConfigSynchronization)
    i.HAL_TIM_Base_Init                      0x08001f7c   Section        0  stm32f4xx_hal_tim.o(i.HAL_TIM_Base_Init)
    i.HAL_TIM_Base_MspInit                   0x08001fb4   Section        0  stm32f4xx_hal_msp.o(i.HAL_TIM_Base_MspInit)
    i.HAL_TIM_Base_Start_IT                  0x08001ff0   Section        0  stm32f4xx_hal_tim.o(i.HAL_TIM_Base_Start_IT)
    i.HAL_TIM_ConfigClockSource              0x08002008   Section        0  stm32f4xx_hal_tim.o(i.HAL_TIM_ConfigClockSource)
    i.HAL_TIM_IC_CaptureCallback             0x080020fa   Section        0  stm32f4xx_hal_tim.o(i.HAL_TIM_IC_CaptureCallback)
    i.HAL_TIM_IRQHandler                     0x080020fc   Section        0  stm32f4xx_hal_tim.o(i.HAL_TIM_IRQHandler)
    i.HAL_TIM_OC_DelayElapsedCallback        0x08002262   Section        0  stm32f4xx_hal_tim.o(i.HAL_TIM_OC_DelayElapsedCallback)
    i.HAL_TIM_PWM_PulseFinishedCallback      0x08002264   Section        0  stm32f4xx_hal_tim.o(i.HAL_TIM_PWM_PulseFinishedCallback)
    i.HAL_TIM_PeriodElapsedCallback          0x08002268   Section        0  usbd_cdc_if.o(i.HAL_TIM_PeriodElapsedCallback)
    i.HAL_TIM_TriggerCallback                0x080022c4   Section        0  stm32f4xx_hal_tim.o(i.HAL_TIM_TriggerCallback)
    i.HAL_UART_DeInit                        0x080022c6   Section        0  stm32f4xx_hal_uart.o(i.HAL_UART_DeInit)
    i.HAL_UART_ErrorCallback                 0x080022ee   Section        0  stm32f4xx_hal_uart.o(i.HAL_UART_ErrorCallback)
    i.HAL_UART_IRQHandler                    0x080022f0   Section        0  stm32f4xx_hal_uart.o(i.HAL_UART_IRQHandler)
    i.HAL_UART_Init                          0x08002400   Section        0  stm32f4xx_hal_uart.o(i.HAL_UART_Init)
    i.HAL_UART_MspDeInit                     0x08002464   Section        0  stm32f4xx_hal_msp.o(i.HAL_UART_MspDeInit)
    i.HAL_UART_MspInit                       0x080024a4   Section        0  stm32f4xx_hal_msp.o(i.HAL_UART_MspInit)
    i.HAL_UART_Receive_IT                    0x08002558   Section        0  stm32f4xx_hal_uart.o(i.HAL_UART_Receive_IT)
    i.HAL_UART_RxCpltCallback                0x080025a0   Section        0  usbd_cdc_if.o(i.HAL_UART_RxCpltCallback)
    i.HAL_UART_Transmit_DMA                  0x080025c8   Section        0  stm32f4xx_hal_uart.o(i.HAL_UART_Transmit_DMA)
    i.HAL_UART_TxCpltCallback                0x08002648   Section        0  usbd_cdc_if.o(i.HAL_UART_TxCpltCallback)
    i.HAL_UART_TxHalfCpltCallback            0x08002654   Section        0  stm32f4xx_hal_uart.o(i.HAL_UART_TxHalfCpltCallback)
    i.HardFault_Handler                      0x08002656   Section        0  stm32f4xx_it.o(i.HardFault_Handler)
    i.MX_GPIO_Init                           0x08002658   Section        0  main.o(i.MX_GPIO_Init)
    MX_GPIO_Init                             0x08002659   Thumb Code   252  main.o(i.MX_GPIO_Init)
    i.MX_TIM1_Init                           0x08002768   Section        0  main.o(i.MX_TIM1_Init)
    MX_TIM1_Init                             0x08002769   Thumb Code    74  main.o(i.MX_TIM1_Init)
    i.MX_USB_DEVICE_Init                     0x080027bc   Section        0  usb_device.o(i.MX_USB_DEVICE_Init)
    i.MemManage_Handler                      0x080027f4   Section        0  stm32f4xx_it.o(i.MemManage_Handler)
    i.NMI_Handler                            0x080027f6   Section        0  stm32f4xx_it.o(i.NMI_Handler)
    i.NVIC_SetPriority                       0x080027f8   Section        0  stm32f4xx_hal_cortex.o(i.NVIC_SetPriority)
    NVIC_SetPriority                         0x080027f9   Thumb Code    32  stm32f4xx_hal_cortex.o(i.NVIC_SetPriority)
    i.OTG_FS_IRQHandler                      0x08002818   Section        0  stm32f4xx_it.o(i.OTG_FS_IRQHandler)
    i.PCD_WriteEmptyTxFifo                   0x08002824   Section        0  stm32f4xx_hal_pcd.o(i.PCD_WriteEmptyTxFifo)
    PCD_WriteEmptyTxFifo                     0x08002825   Thumb Code   136  stm32f4xx_hal_pcd.o(i.PCD_WriteEmptyTxFifo)
    i.PendSV_Handler                         0x080028ac   Section        0  stm32f4xx_it.o(i.PendSV_Handler)
    i.SVC_Handler                            0x080028ae   Section        0  stm32f4xx_it.o(i.SVC_Handler)
    i.SysTick_Handler                        0x080028b0   Section        0  stm32f4xx_it.o(i.SysTick_Handler)
    i.SystemClock_Config                     0x080028b4   Section        0  main.o(i.SystemClock_Config)
    i.SystemInit                             0x08002950   Section        0  system_stm32f4xx.o(i.SystemInit)
    i.TIM1_UP_TIM10_IRQHandler               0x080029a4   Section        0  stm32f4xx_it.o(i.TIM1_UP_TIM10_IRQHandler)
    i.TIM_Base_SetConfig                     0x080029b0   Section        0  stm32f4xx_hal_tim.o(i.TIM_Base_SetConfig)
    i.TIM_ETR_SetConfig                      0x08002a70   Section        0  stm32f4xx_hal_tim.o(i.TIM_ETR_SetConfig)
    TIM_ETR_SetConfig                        0x08002a71   Thumb Code    20  stm32f4xx_hal_tim.o(i.TIM_ETR_SetConfig)
    i.TIM_ITRx_SetConfig                     0x08002a84   Section        0  stm32f4xx_hal_tim.o(i.TIM_ITRx_SetConfig)
    TIM_ITRx_SetConfig                       0x08002a85   Thumb Code    16  stm32f4xx_hal_tim.o(i.TIM_ITRx_SetConfig)
    i.TIM_TI1_ConfigInputStage               0x08002a94   Section        0  stm32f4xx_hal_tim.o(i.TIM_TI1_ConfigInputStage)
    TIM_TI1_ConfigInputStage                 0x08002a95   Thumb Code    34  stm32f4xx_hal_tim.o(i.TIM_TI1_ConfigInputStage)
    i.TIM_TI2_ConfigInputStage               0x08002ab6   Section        0  stm32f4xx_hal_tim.o(i.TIM_TI2_ConfigInputStage)
    TIM_TI2_ConfigInputStage                 0x08002ab7   Thumb Code    36  stm32f4xx_hal_tim.o(i.TIM_TI2_ConfigInputStage)
    i.UART_DMAAbortOnError                   0x08002ada   Section        0  stm32f4xx_hal_uart.o(i.UART_DMAAbortOnError)
    UART_DMAAbortOnError                     0x08002adb   Thumb Code    16  stm32f4xx_hal_uart.o(i.UART_DMAAbortOnError)
    i.UART_DMAError                          0x08002aea   Section        0  stm32f4xx_hal_uart.o(i.UART_DMAError)
    UART_DMAError                            0x08002aeb   Thumb Code    74  stm32f4xx_hal_uart.o(i.UART_DMAError)
    i.UART_DMATransmitCplt                   0x08002b34   Section        0  stm32f4xx_hal_uart.o(i.UART_DMATransmitCplt)
    UART_DMATransmitCplt                     0x08002b35   Thumb Code    46  stm32f4xx_hal_uart.o(i.UART_DMATransmitCplt)
    i.UART_DMATxHalfCplt                     0x08002b62   Section        0  stm32f4xx_hal_uart.o(i.UART_DMATxHalfCplt)
    UART_DMATxHalfCplt                       0x08002b63   Thumb Code    10  stm32f4xx_hal_uart.o(i.UART_DMATxHalfCplt)
    i.UART_EndRxTransfer                     0x08002b6c   Section        0  stm32f4xx_hal_uart.o(i.UART_EndRxTransfer)
    UART_EndRxTransfer                       0x08002b6d   Thumb Code    28  stm32f4xx_hal_uart.o(i.UART_EndRxTransfer)
    i.UART_EndTxTransfer                     0x08002b88   Section        0  stm32f4xx_hal_uart.o(i.UART_EndTxTransfer)
    UART_EndTxTransfer                       0x08002b89   Thumb Code    18  stm32f4xx_hal_uart.o(i.UART_EndTxTransfer)
    i.UART_Receive_IT                        0x08002b9a   Section        0  stm32f4xx_hal_uart.o(i.UART_Receive_IT)
    UART_Receive_IT                          0x08002b9b   Thumb Code   140  stm32f4xx_hal_uart.o(i.UART_Receive_IT)
    i.UART_SetConfig                         0x08002c28   Section        0  stm32f4xx_hal_uart.o(i.UART_SetConfig)
    UART_SetConfig                           0x08002c29   Thumb Code   676  stm32f4xx_hal_uart.o(i.UART_SetConfig)
    i.UART_Transmit_IT                       0x08002ed4   Section        0  stm32f4xx_hal_uart.o(i.UART_Transmit_IT)
    UART_Transmit_IT                         0x08002ed5   Thumb Code    98  stm32f4xx_hal_uart.o(i.UART_Transmit_IT)
    i.USART3_IRQHandler                      0x08002f38   Section        0  stm32f4xx_it.o(i.USART3_IRQHandler)
    i.USBD_CDC_DataIn                        0x08002f44   Section        0  usbd_cdc.o(i.USBD_CDC_DataIn)
    USBD_CDC_DataIn                          0x08002f45   Thumb Code    20  usbd_cdc.o(i.USBD_CDC_DataIn)
    i.USBD_CDC_DataOut                       0x08002f58   Section        0  usbd_cdc.o(i.USBD_CDC_DataOut)
    USBD_CDC_DataOut                         0x08002f59   Thumb Code    46  usbd_cdc.o(i.USBD_CDC_DataOut)
    i.USBD_CDC_DeInit                        0x08002f86   Section        0  usbd_cdc.o(i.USBD_CDC_DeInit)
    USBD_CDC_DeInit                          0x08002f87   Thumb Code    60  usbd_cdc.o(i.USBD_CDC_DeInit)
    i.USBD_CDC_EP0_RxReady                   0x08002fc2   Section        0  usbd_cdc.o(i.USBD_CDC_EP0_RxReady)
    USBD_CDC_EP0_RxReady                     0x08002fc3   Thumb Code    36  usbd_cdc.o(i.USBD_CDC_EP0_RxReady)
    i.USBD_CDC_GetDeviceQualifierDescriptor  0x08002fe8   Section        0  usbd_cdc.o(i.USBD_CDC_GetDeviceQualifierDescriptor)
    i.USBD_CDC_GetFSCfgDesc                  0x08002ff4   Section        0  usbd_cdc.o(i.USBD_CDC_GetFSCfgDesc)
    USBD_CDC_GetFSCfgDesc                    0x08002ff5   Thumb Code     8  usbd_cdc.o(i.USBD_CDC_GetFSCfgDesc)
    i.USBD_CDC_GetHSCfgDesc                  0x08003000   Section        0  usbd_cdc.o(i.USBD_CDC_GetHSCfgDesc)
    USBD_CDC_GetHSCfgDesc                    0x08003001   Thumb Code     8  usbd_cdc.o(i.USBD_CDC_GetHSCfgDesc)
    i.USBD_CDC_GetOtherSpeedCfgDesc          0x0800300c   Section        0  usbd_cdc.o(i.USBD_CDC_GetOtherSpeedCfgDesc)
    USBD_CDC_GetOtherSpeedCfgDesc            0x0800300d   Thumb Code     8  usbd_cdc.o(i.USBD_CDC_GetOtherSpeedCfgDesc)
    i.USBD_CDC_Init                          0x08003018   Section        0  usbd_cdc.o(i.USBD_CDC_Init)
    USBD_CDC_Init                            0x08003019   Thumb Code   136  usbd_cdc.o(i.USBD_CDC_Init)
    i.USBD_CDC_ReceivePacket                 0x080030a0   Section        0  usbd_cdc.o(i.USBD_CDC_ReceivePacket)
    i.USBD_CDC_RegisterInterface             0x080030c8   Section        0  usbd_cdc.o(i.USBD_CDC_RegisterInterface)
    i.USBD_CDC_SetRxBuffer                   0x080030d8   Section        0  usbd_cdc.o(i.USBD_CDC_SetRxBuffer)
    i.USBD_CDC_SetTxBuffer                   0x080030e4   Section        0  usbd_cdc.o(i.USBD_CDC_SetTxBuffer)
    i.USBD_CDC_Setup                         0x080030f4   Section        0  usbd_cdc.o(i.USBD_CDC_Setup)
    USBD_CDC_Setup                           0x080030f5   Thumb Code   106  usbd_cdc.o(i.USBD_CDC_Setup)
    i.USBD_CDC_TransmitPacket                0x08003164   Section        0  usbd_cdc.o(i.USBD_CDC_TransmitPacket)
    i.USBD_ClrClassConfig                    0x08003194   Section        0  usbd_core.o(i.USBD_ClrClassConfig)
    i.USBD_CtlContinueRx                     0x080031a2   Section        0  usbd_ioreq.o(i.USBD_CtlContinueRx)
    i.USBD_CtlContinueSendData               0x080031b2   Section        0  usbd_ioreq.o(i.USBD_CtlContinueSendData)
    i.USBD_CtlError                          0x080031c2   Section        0  usbd_ctlreq.o(i.USBD_CtlError)
    i.USBD_CtlPrepareRx                      0x080031d8   Section        0  usbd_ioreq.o(i.USBD_CtlPrepareRx)
    i.USBD_CtlReceiveStatus                  0x080031f6   Section        0  usbd_ioreq.o(i.USBD_CtlReceiveStatus)
    i.USBD_CtlSendData                       0x0800320c   Section        0  usbd_ioreq.o(i.USBD_CtlSendData)
    i.USBD_CtlSendStatus                     0x08003226   Section        0  usbd_ioreq.o(i.USBD_CtlSendStatus)
    i.USBD_FS_ConfigStrDescriptor            0x0800323c   Section        0  usbd_desc.o(i.USBD_FS_ConfigStrDescriptor)
    i.USBD_FS_DeviceDescriptor               0x0800325c   Section        0  usbd_desc.o(i.USBD_FS_DeviceDescriptor)
    i.USBD_FS_InterfaceStrDescriptor         0x08003268   Section        0  usbd_desc.o(i.USBD_FS_InterfaceStrDescriptor)
    i.USBD_FS_LangIDStrDescriptor            0x0800328c   Section        0  usbd_desc.o(i.USBD_FS_LangIDStrDescriptor)
    i.USBD_FS_ManufacturerStrDescriptor      0x08003298   Section        0  usbd_desc.o(i.USBD_FS_ManufacturerStrDescriptor)
    i.USBD_FS_ProductStrDescriptor           0x080032c0   Section        0  usbd_desc.o(i.USBD_FS_ProductStrDescriptor)
    i.USBD_FS_SerialStrDescriptor            0x080032ec   Section        0  usbd_desc.o(i.USBD_FS_SerialStrDescriptor)
    i.USBD_FS_USR_BOSDescriptor              0x08003310   Section        0  usbd_desc.o(i.USBD_FS_USR_BOSDescriptor)
    i.USBD_GetDescriptor                     0x0800331c   Section        0  usbd_ctlreq.o(i.USBD_GetDescriptor)
    USBD_GetDescriptor                       0x0800331d   Thumb Code   246  usbd_ctlreq.o(i.USBD_GetDescriptor)
    i.USBD_GetString                         0x08003412   Section        0  usbd_ctlreq.o(i.USBD_GetString)
    i.USBD_Init                              0x08003458   Section        0  usbd_core.o(i.USBD_Init)
    i.USBD_LL_ClearStallEP                   0x08003482   Section        0  usbd_conf.o(i.USBD_LL_ClearStallEP)
    i.USBD_LL_CloseEP                        0x080034a2   Section        0  usbd_conf.o(i.USBD_LL_CloseEP)
    i.USBD_LL_DataInStage                    0x080034c2   Section        0  usbd_core.o(i.USBD_LL_DataInStage)
    i.USBD_LL_DataOutStage                   0x0800356c   Section        0  usbd_core.o(i.USBD_LL_DataOutStage)
    i.USBD_LL_DevConnected                   0x080035d6   Section        0  usbd_core.o(i.USBD_LL_DevConnected)
    i.USBD_LL_DevDisconnected                0x080035da   Section        0  usbd_core.o(i.USBD_LL_DevDisconnected)
    i.USBD_LL_GetRxDataSize                  0x080035f0   Section        0  usbd_conf.o(i.USBD_LL_GetRxDataSize)
    i.USBD_LL_Init                           0x080035f8   Section        0  usbd_conf.o(i.USBD_LL_Init)
    i.USBD_LL_IsStallEP                      0x0800365c   Section        0  usbd_conf.o(i.USBD_LL_IsStallEP)
    i.USBD_LL_IsoINIncomplete                0x0800367c   Section        0  usbd_core.o(i.USBD_LL_IsoINIncomplete)
    i.USBD_LL_IsoOUTIncomplete               0x08003680   Section        0  usbd_core.o(i.USBD_LL_IsoOUTIncomplete)
    i.USBD_LL_OpenEP                         0x08003684   Section        0  usbd_conf.o(i.USBD_LL_OpenEP)
    i.USBD_LL_PrepareReceive                 0x080036aa   Section        0  usbd_conf.o(i.USBD_LL_PrepareReceive)
    i.USBD_LL_Reset                          0x080036ca   Section        0  usbd_core.o(i.USBD_LL_Reset)
    i.USBD_LL_Resume                         0x08003708   Section        0  usbd_core.o(i.USBD_LL_Resume)
    i.USBD_LL_SOF                            0x08003714   Section        0  usbd_core.o(i.USBD_LL_SOF)
    i.USBD_LL_SetSpeed                       0x0800372c   Section        0  usbd_core.o(i.USBD_LL_SetSpeed)
    i.USBD_LL_SetUSBAddress                  0x08003732   Section        0  usbd_conf.o(i.USBD_LL_SetUSBAddress)
    i.USBD_LL_SetupStage                     0x08003752   Section        0  usbd_core.o(i.USBD_LL_SetupStage)
    i.USBD_LL_StallEP                        0x080037ac   Section        0  usbd_conf.o(i.USBD_LL_StallEP)
    i.USBD_LL_Start                          0x080037cc   Section        0  usbd_conf.o(i.USBD_LL_Start)
    i.USBD_LL_Suspend                        0x080037ec   Section        0  usbd_core.o(i.USBD_LL_Suspend)
    i.USBD_LL_Transmit                       0x080037fe   Section        0  usbd_conf.o(i.USBD_LL_Transmit)
    i.USBD_ParseSetupRequest                 0x0800381e   Section        0  usbd_ctlreq.o(i.USBD_ParseSetupRequest)
    i.USBD_RegisterClass                     0x08003846   Section        0  usbd_core.o(i.USBD_RegisterClass)
    i.USBD_SetClassConfig                    0x08003856   Section        0  usbd_core.o(i.USBD_SetClassConfig)
    i.USBD_SetConfig                         0x0800386c   Section        0  usbd_ctlreq.o(i.USBD_SetConfig)
    USBD_SetConfig                           0x0800386d   Thumb Code   110  usbd_ctlreq.o(i.USBD_SetConfig)
    i.USBD_Start                             0x080038e0   Section        0  usbd_core.o(i.USBD_Start)
    i.USBD_StdDevReq                         0x080038ea   Section        0  usbd_ctlreq.o(i.USBD_StdDevReq)
    i.USBD_StdEPReq                          0x080039dc   Section        0  usbd_ctlreq.o(i.USBD_StdEPReq)
    i.USBD_StdItfReq                         0x08003ab8   Section        0  usbd_ctlreq.o(i.USBD_StdItfReq)
    i.USB_ActivateEndpoint                   0x08003aec   Section        0  stm32f4xx_ll_usb.o(i.USB_ActivateEndpoint)
    i.USB_ActivateSetup                      0x08003b6c   Section        0  stm32f4xx_ll_usb.o(i.USB_ActivateSetup)
    i.USB_CoreInit                           0x08003ba0   Section        0  stm32f4xx_ll_usb.o(i.USB_CoreInit)
    i.USB_CoreReset                          0x08003c0c   Section        0  stm32f4xx_ll_usb.o(i.USB_CoreReset)
    USB_CoreReset                            0x08003c0d   Thumb Code    50  stm32f4xx_ll_usb.o(i.USB_CoreReset)
    i.USB_DeactivateEndpoint                 0x08003c44   Section        0  stm32f4xx_ll_usb.o(i.USB_DeactivateEndpoint)
    i.USB_DevConnect                         0x08003d0c   Section        0  stm32f4xx_ll_usb.o(i.USB_DevConnect)
    i.USB_DevDisconnect                      0x08003d24   Section        0  stm32f4xx_ll_usb.o(i.USB_DevDisconnect)
    i.USB_DevInit                            0x08003d3c   Section        0  stm32f4xx_ll_usb.o(i.USB_DevInit)
    i.USB_DisableGlobalInt                   0x08003e90   Section        0  stm32f4xx_ll_usb.o(i.USB_DisableGlobalInt)
    i.USB_EP0StartXfer                       0x08003e9c   Section        0  stm32f4xx_ll_usb.o(i.USB_EP0StartXfer)
    i.USB_EP0_OutStart                       0x08003fdc   Section        0  stm32f4xx_ll_usb.o(i.USB_EP0_OutStart)
    i.USB_EPClearStall                       0x0800401a   Section        0  stm32f4xx_ll_usb.o(i.USB_EPClearStall)
    i.USB_EPSetStall                         0x0800407e   Section        0  stm32f4xx_ll_usb.o(i.USB_EPSetStall)
    i.USB_EPStartXfer                        0x080040dc   Section        0  stm32f4xx_ll_usb.o(i.USB_EPStartXfer)
    i.USB_EnableGlobalInt                    0x080042f8   Section        0  stm32f4xx_ll_usb.o(i.USB_EnableGlobalInt)
    i.USB_FlushRxFifo                        0x08004304   Section        0  stm32f4xx_ll_usb.o(i.USB_FlushRxFifo)
    i.USB_FlushTxFifo                        0x08004324   Section        0  stm32f4xx_ll_usb.o(i.USB_FlushTxFifo)
    i.USB_GetDevSpeed                        0x08004348   Section        0  stm32f4xx_ll_usb.o(i.USB_GetDevSpeed)
    i.USB_GetMode                            0x08004384   Section        0  stm32f4xx_ll_usb.o(i.USB_GetMode)
    i.USB_ReadDevAllInEpInterrupt            0x0800438c   Section        0  stm32f4xx_ll_usb.o(i.USB_ReadDevAllInEpInterrupt)
    i.USB_ReadDevAllOutEpInterrupt           0x0800439a   Section        0  stm32f4xx_ll_usb.o(i.USB_ReadDevAllOutEpInterrupt)
    i.USB_ReadDevInEPInterrupt               0x080043a8   Section        0  stm32f4xx_ll_usb.o(i.USB_ReadDevInEPInterrupt)
    i.USB_ReadDevOutEPInterrupt              0x080043c6   Section        0  stm32f4xx_ll_usb.o(i.USB_ReadDevOutEPInterrupt)
    i.USB_ReadInterrupts                     0x080043d6   Section        0  stm32f4xx_ll_usb.o(i.USB_ReadInterrupts)
    i.USB_ReadPacket                         0x080043de   Section        0  stm32f4xx_ll_usb.o(i.USB_ReadPacket)
    i.USB_SetCurrentMode                     0x080043fe   Section        0  stm32f4xx_ll_usb.o(i.USB_SetCurrentMode)
    i.USB_SetDevAddress                      0x0800442a   Section        0  stm32f4xx_ll_usb.o(i.USB_SetDevAddress)
    i.USB_WritePacket                        0x0800444c   Section        0  stm32f4xx_ll_usb.o(i.USB_WritePacket)
    i.UsageFault_Handler                     0x08004474   Section        0  stm32f4xx_it.o(i.UsageFault_Handler)
    i.__scatterload_copy                     0x08004476   Section       14  handlers.o(i.__scatterload_copy)
    i.__scatterload_null                     0x08004484   Section        2  handlers.o(i.__scatterload_null)
    i.__scatterload_zeroinit                 0x08004486   Section       14  handlers.o(i.__scatterload_zeroinit)
    i.free                                   0x08004494   Section        0  malloc.o(i.free)
    i.main                                   0x080044e4   Section        0  main.o(i.main)
    i.malloc                                 0x0800454c   Section        0  malloc.o(i.malloc)
    .constdata                               0x080045b8   Section        8  stm32f4xx_hal_dma.o(.constdata)
    flagBitshiftOffset                       0x080045b8   Data           8  stm32f4xx_hal_dma.o(.constdata)
    .constdata                               0x080045c0   Section       16  system_stm32f4xx.o(.constdata)
    .constdata                               0x080045d0   Section        8  system_stm32f4xx.o(.constdata)
    .data                                    0x20000000   Section       32  usbd_desc.o(.data)
    .data                                    0x20000020   Section       36  usbd_desc.o(.data)
    .data                                    0x20000044   Section       16  usbd_cdc_if.o(.data)
    .data                                    0x20000054   Section       16  usbd_cdc_if.o(.data)
    .data                                    0x20000064   Section       12  stm32f4xx_hal.o(.data)
    .data                                    0x20000070   Section        4  system_stm32f4xx.o(.data)
    .data                                    0x20000074   Section        1  usbd_ctlreq.o(.data)
    cfgidx                                   0x20000074   Data           1  usbd_ctlreq.o(.data)
    .data                                    0x20000078   Section      219  usbd_cdc.o(.data)
    ifalt                                    0x20000078   Data           1  usbd_cdc.o(.data)
    USBD_CDC_DeviceQualifierDesc             0x2000007c   Data          10  usbd_cdc.o(.data)
    .data                                    0x20000154   Section       56  usbd_cdc.o(.data)
    .data                                    0x2000018c   Section        4  mvars.o(.data)
    .data                                    0x20000190   Section        4  mvars.o(.data)
    .bss                                     0x20000194   Section      124  main.o(.bss)
    .bss                                     0x20000210   Section       96  main.o(.bss)
    .bss                                     0x20000270   Section      548  usb_device.o(.bss)
    .bss                                     0x20000494   Section     1024  usbd_conf.o(.bss)
    .bss                                     0x20000894   Section      512  usbd_desc.o(.bss)
    .bss                                     0x20000a94   Section     4096  usbd_cdc_if.o(.bss)
    HEAP                                     0x20001a98   Section     1536  startup_stm32f412zx.o(HEAP)
    STACK                                    0x20002098   Section     2048  startup_stm32f412zx.o(STACK)

    Global Symbols

    Symbol Name                              Value     Ov Type        Size  Object(Section)

    BuildAttributes$$THM_ISAv4$E$P$D$K$B$S$7EM$VFPi3$EXTD16$VFPS$VFMA$PE$A:L22UL41UL21$X:L11$S22US41US21$IEEE1$IW$USESV6$~STKCKD$USESV7$~SHL$OSPACE$EBA8$MICROLIB$REQ8$PRES8$EABIv2 0x00000000   Number         0  anon$$obj.o ABSOLUTE
    __ARM_use_no_argv                        0x00000000   Number         0  main.o ABSOLUTE
    __cpp_initialize__aeabi_                  - Undefined Weak Reference
    __cxa_finalize                            - Undefined Weak Reference
    _clock_init                               - Undefined Weak Reference
    _microlib_exit                            - Undefined Weak Reference
    __Vectors_Size                           0x000001c4   Number         0  startup_stm32f412zx.o ABSOLUTE
    __Vectors                                0x08000000   Data           4  startup_stm32f412zx.o(RESET)
    __Vectors_End                            0x080001c4   Data           0  startup_stm32f412zx.o(RESET)
    __main                                   0x080001c5   Thumb Code     0  entry.o(.ARM.Collect$$$$00000000)
    _main_stk                                0x080001c5   Thumb Code     0  entry2.o(.ARM.Collect$$$$00000001)
    _main_scatterload                        0x080001c9   Thumb Code     0  entry5.o(.ARM.Collect$$$$00000004)
    __main_after_scatterload                 0x080001cd   Thumb Code     0  entry5.o(.ARM.Collect$$$$00000004)
    _main_clock                              0x080001cd   Thumb Code     0  entry7b.o(.ARM.Collect$$$$00000008)
    _main_cpp_init                           0x080001cd   Thumb Code     0  entry8b.o(.ARM.Collect$$$$0000000A)
    _main_init                               0x080001cd   Thumb Code     0  entry9a.o(.ARM.Collect$$$$0000000B)
    __rt_final_cpp                           0x080001d5   Thumb Code     0  entry10a.o(.ARM.Collect$$$$0000000D)
    __rt_final_exit                          0x080001d5   Thumb Code     0  entry11a.o(.ARM.Collect$$$$0000000F)
    Reset_Handler                            0x080001d9   Thumb Code     8  startup_stm32f412zx.o(.text)
    ADC_IRQHandler                           0x080001f3   Thumb Code     0  startup_stm32f412zx.o(.text)
    CAN1_RX0_IRQHandler                      0x080001f3   Thumb Code     0  startup_stm32f412zx.o(.text)
    CAN1_RX1_IRQHandler                      0x080001f3   Thumb Code     0  startup_stm32f412zx.o(.text)
    CAN1_SCE_IRQHandler                      0x080001f3   Thumb Code     0  startup_stm32f412zx.o(.text)
    CAN1_TX_IRQHandler                       0x080001f3   Thumb Code     0  startup_stm32f412zx.o(.text)
    CAN2_RX0_IRQHandler                      0x080001f3   Thumb Code     0  startup_stm32f412zx.o(.text)
    CAN2_RX1_IRQHandler                      0x080001f3   Thumb Code     0  startup_stm32f412zx.o(.text)
    CAN2_SCE_IRQHandler                      0x080001f3   Thumb Code     0  startup_stm32f412zx.o(.text)
    CAN2_TX_IRQHandler                       0x080001f3   Thumb Code     0  startup_stm32f412zx.o(.text)
    DFSDM1_FLT0_IRQHandler                   0x080001f3   Thumb Code     0  startup_stm32f412zx.o(.text)
    DFSDM1_FLT1_IRQHandler                   0x080001f3   Thumb Code     0  startup_stm32f412zx.o(.text)
    DMA1_Stream0_IRQHandler                  0x080001f3   Thumb Code     0  startup_stm32f412zx.o(.text)
    DMA1_Stream1_IRQHandler                  0x080001f3   Thumb Code     0  startup_stm32f412zx.o(.text)
    DMA1_Stream2_IRQHandler                  0x080001f3   Thumb Code     0  startup_stm32f412zx.o(.text)
    DMA1_Stream4_IRQHandler                  0x080001f3   Thumb Code     0  startup_stm32f412zx.o(.text)
    DMA1_Stream5_IRQHandler                  0x080001f3   Thumb Code     0  startup_stm32f412zx.o(.text)
    DMA1_Stream6_IRQHandler                  0x080001f3   Thumb Code     0  startup_stm32f412zx.o(.text)
    DMA1_Stream7_IRQHandler                  0x080001f3   Thumb Code     0  startup_stm32f412zx.o(.text)
    DMA2_Stream0_IRQHandler                  0x080001f3   Thumb Code     0  startup_stm32f412zx.o(.text)
    DMA2_Stream1_IRQHandler                  0x080001f3   Thumb Code     0  startup_stm32f412zx.o(.text)
    DMA2_Stream2_IRQHandler                  0x080001f3   Thumb Code     0  startup_stm32f412zx.o(.text)
    DMA2_Stream3_IRQHandler                  0x080001f3   Thumb Code     0  startup_stm32f412zx.o(.text)
    DMA2_Stream4_IRQHandler                  0x080001f3   Thumb Code     0  startup_stm32f412zx.o(.text)
    DMA2_Stream5_IRQHandler                  0x080001f3   Thumb Code     0  startup_stm32f412zx.o(.text)
    DMA2_Stream6_IRQHandler                  0x080001f3   Thumb Code     0  startup_stm32f412zx.o(.text)
    DMA2_Stream7_IRQHandler                  0x080001f3   Thumb Code     0  startup_stm32f412zx.o(.text)
    EXTI0_IRQHandler                         0x080001f3   Thumb Code     0  startup_stm32f412zx.o(.text)
    EXTI15_10_IRQHandler                     0x080001f3   Thumb Code     0  startup_stm32f412zx.o(.text)
    EXTI1_IRQHandler                         0x080001f3   Thumb Code     0  startup_stm32f412zx.o(.text)
    EXTI2_IRQHandler                         0x080001f3   Thumb Code     0  startup_stm32f412zx.o(.text)
    EXTI3_IRQHandler                         0x080001f3   Thumb Code     0  startup_stm32f412zx.o(.text)
    EXTI4_IRQHandler                         0x080001f3   Thumb Code     0  startup_stm32f412zx.o(.text)
    EXTI9_5_IRQHandler                       0x080001f3   Thumb Code     0  startup_stm32f412zx.o(.text)
    FLASH_IRQHandler                         0x080001f3   Thumb Code     0  startup_stm32f412zx.o(.text)
    FMPI2C1_ER_IRQHandler                    0x080001f3   Thumb Code     0  startup_stm32f412zx.o(.text)
    FMPI2C1_EV_IRQHandler                    0x080001f3   Thumb Code     0  startup_stm32f412zx.o(.text)
    FPU_IRQHandler                           0x080001f3   Thumb Code     0  startup_stm32f412zx.o(.text)
    I2C1_ER_IRQHandler                       0x080001f3   Thumb Code     0  startup_stm32f412zx.o(.text)
    I2C1_EV_IRQHandler                       0x080001f3   Thumb Code     0  startup_stm32f412zx.o(.text)
    I2C2_ER_IRQHandler                       0x080001f3   Thumb Code     0  startup_stm32f412zx.o(.text)
    I2C2_EV_IRQHandler                       0x080001f3   Thumb Code     0  startup_stm32f412zx.o(.text)
    I2C3_ER_IRQHandler                       0x080001f3   Thumb Code     0  startup_stm32f412zx.o(.text)
    I2C3_EV_IRQHandler                       0x080001f3   Thumb Code     0  startup_stm32f412zx.o(.text)
    OTG_FS_WKUP_IRQHandler                   0x080001f3   Thumb Code     0  startup_stm32f412zx.o(.text)
    PVD_IRQHandler                           0x080001f3   Thumb Code     0  startup_stm32f412zx.o(.text)
    QUADSPI_IRQHandler                       0x080001f3   Thumb Code     0  startup_stm32f412zx.o(.text)
    RCC_IRQHandler                           0x080001f3   Thumb Code     0  startup_stm32f412zx.o(.text)
    RNG_IRQHandler                           0x080001f3   Thumb Code     0  startup_stm32f412zx.o(.text)
    RTC_Alarm_IRQHandler                     0x080001f3   Thumb Code     0  startup_stm32f412zx.o(.text)
    RTC_WKUP_IRQHandler                      0x080001f3   Thumb Code     0  startup_stm32f412zx.o(.text)
    SDIO_IRQHandler                          0x080001f3   Thumb Code     0  startup_stm32f412zx.o(.text)
    SPI1_IRQHandler                          0x080001f3   Thumb Code     0  startup_stm32f412zx.o(.text)
    SPI2_IRQHandler                          0x080001f3   Thumb Code     0  startup_stm32f412zx.o(.text)
    SPI3_IRQHandler                          0x080001f3   Thumb Code     0  startup_stm32f412zx.o(.text)
    SPI4_IRQHandler                          0x080001f3   Thumb Code     0  startup_stm32f412zx.o(.text)
    SPI5_IRQHandler                          0x080001f3   Thumb Code     0  startup_stm32f412zx.o(.text)
    TAMP_STAMP_IRQHandler                    0x080001f3   Thumb Code     0  startup_stm32f412zx.o(.text)
    TIM1_BRK_TIM9_IRQHandler                 0x080001f3   Thumb Code     0  startup_stm32f412zx.o(.text)
    TIM1_CC_IRQHandler                       0x080001f3   Thumb Code     0  startup_stm32f412zx.o(.text)
    TIM1_TRG_COM_TIM11_IRQHandler            0x080001f3   Thumb Code     0  startup_stm32f412zx.o(.text)
    TIM2_IRQHandler                          0x080001f3   Thumb Code     0  startup_stm32f412zx.o(.text)
    TIM3_IRQHandler                          0x080001f3   Thumb Code     0  startup_stm32f412zx.o(.text)
    TIM4_IRQHandler                          0x080001f3   Thumb Code     0  startup_stm32f412zx.o(.text)
    TIM5_IRQHandler                          0x080001f3   Thumb Code     0  startup_stm32f412zx.o(.text)
    TIM6_IRQHandler                          0x080001f3   Thumb Code     0  startup_stm32f412zx.o(.text)
    TIM7_IRQHandler                          0x080001f3   Thumb Code     0  startup_stm32f412zx.o(.text)
    TIM8_BRK_TIM12_IRQHandler                0x080001f3   Thumb Code     0  startup_stm32f412zx.o(.text)
    TIM8_CC_IRQHandler                       0x080001f3   Thumb Code     0  startup_stm32f412zx.o(.text)
    TIM8_TRG_COM_TIM14_IRQHandler            0x080001f3   Thumb Code     0  startup_stm32f412zx.o(.text)
    TIM8_UP_TIM13_IRQHandler                 0x080001f3   Thumb Code     0  startup_stm32f412zx.o(.text)
    USART1_IRQHandler                        0x080001f3   Thumb Code     0  startup_stm32f412zx.o(.text)
    USART2_IRQHandler                        0x080001f3   Thumb Code     0  startup_stm32f412zx.o(.text)
    USART6_IRQHandler                        0x080001f3   Thumb Code     0  startup_stm32f412zx.o(.text)
    WWDG_IRQHandler                          0x080001f3   Thumb Code     0  startup_stm32f412zx.o(.text)
    __aeabi_uldivmod                         0x080001fd   Thumb Code    98  uldiv.o(.text)
    __aeabi_memcpy                           0x0800025f   Thumb Code    36  memcpya.o(.text)
    __aeabi_memcpy4                          0x0800025f   Thumb Code     0  memcpya.o(.text)
    __aeabi_memcpy8                          0x0800025f   Thumb Code     0  memcpya.o(.text)
    __aeabi_memset                           0x08000283   Thumb Code    14  memseta.o(.text)
    __aeabi_memset4                          0x08000283   Thumb Code     0  memseta.o(.text)
    __aeabi_memset8                          0x08000283   Thumb Code     0  memseta.o(.text)
    __aeabi_memclr                           0x08000291   Thumb Code     4  memseta.o(.text)
    __aeabi_memclr4                          0x08000291   Thumb Code     0  memseta.o(.text)
    __aeabi_memclr8                          0x08000291   Thumb Code     0  memseta.o(.text)
    _memset$wrapper                          0x08000295   Thumb Code    18  memseta.o(.text)
    __aeabi_llsl                             0x080002a7   Thumb Code    30  llshl.o(.text)
    _ll_shift_l                              0x080002a7   Thumb Code     0  llshl.o(.text)
    __aeabi_llsr                             0x080002c5   Thumb Code    32  llushr.o(.text)
    _ll_ushift_r                             0x080002c5   Thumb Code     0  llushr.o(.text)
    __scatterload                            0x080002e5   Thumb Code    28  init.o(.text)
    __scatterload_rt2                        0x080002e5   Thumb Code     0  init.o(.text)
    __decompress                             0x08000309   Thumb Code     0  __dczerorl2.o(.text)
    __decompress1                            0x08000309   Thumb Code    86  __dczerorl2.o(.text)
    BusFault_Handler                         0x0800035f   Thumb Code     2  stm32f4xx_it.o(i.BusFault_Handler)
    DMA1_Stream3_IRQHandler                  0x080004b1   Thumb Code     6  stm32f4xx_it.o(i.DMA1_Stream3_IRQHandler)
    DebugMon_Handler                         0x08000561   Thumb Code     2  stm32f4xx_it.o(i.DebugMon_Handler)
    Error_Handler                            0x08000563   Thumb Code     2  main.o(i.Error_Handler)
    HAL_DMA_Abort_IT                         0x08000565   Thumb Code    36  stm32f4xx_hal_dma.o(i.HAL_DMA_Abort_IT)
    HAL_DMA_DeInit                           0x08000589   Thumb Code    86  stm32f4xx_hal_dma.o(i.HAL_DMA_DeInit)
    HAL_DMA_IRQHandler                       0x080005e1   Thumb Code   412  stm32f4xx_hal_dma.o(i.HAL_DMA_IRQHandler)
    HAL_DMA_Init                             0x08000781   Thumb Code   206  stm32f4xx_hal_dma.o(i.HAL_DMA_Init)
    HAL_DMA_Start_IT                         0x08000855   Thumb Code   120  stm32f4xx_hal_dma.o(i.HAL_DMA_Start_IT)
    HAL_Delay                                0x080008cd   Thumb Code    32  stm32f4xx_hal.o(i.HAL_Delay)
    HAL_GPIO_DeInit                          0x080008f1   Thumb Code   272  stm32f4xx_hal_gpio.o(i.HAL_GPIO_DeInit)
    HAL_GPIO_Init                            0x08000a25   Thumb Code   378  stm32f4xx_hal_gpio.o(i.HAL_GPIO_Init)
    HAL_GPIO_TogglePin                       0x08000bc9   Thumb Code     8  stm32f4xx_hal_gpio.o(i.HAL_GPIO_TogglePin)
    HAL_GPIO_WritePin                        0x08000bd1   Thumb Code    10  stm32f4xx_hal_gpio.o(i.HAL_GPIO_WritePin)
    HAL_GetTick                              0x08000bdd   Thumb Code     6  stm32f4xx_hal.o(i.HAL_GetTick)
    HAL_IncTick                              0x08000be9   Thumb Code    12  stm32f4xx_hal.o(i.HAL_IncTick)
    HAL_Init                                 0x08000bf9   Thumb Code    48  stm32f4xx_hal.o(i.HAL_Init)
    HAL_InitTick                             0x08000c2d   Thumb Code    54  stm32f4xx_hal.o(i.HAL_InitTick)
    HAL_MspInit                              0x08000c6d   Thumb Code    42  stm32f4xx_hal_msp.o(i.HAL_MspInit)
    HAL_NVIC_DisableIRQ                      0x08000c9d   Thumb Code    22  stm32f4xx_hal_cortex.o(i.HAL_NVIC_DisableIRQ)
    HAL_NVIC_EnableIRQ                       0x08000cb3   Thumb Code    22  stm32f4xx_hal_cortex.o(i.HAL_NVIC_EnableIRQ)
    HAL_NVIC_SetPriority                     0x08000cc9   Thumb Code    60  stm32f4xx_hal_cortex.o(i.HAL_NVIC_SetPriority)
    HAL_NVIC_SetPriorityGrouping             0x08000d09   Thumb Code    26  stm32f4xx_hal_cortex.o(i.HAL_NVIC_SetPriorityGrouping)
    HAL_PCDEx_ActivateBCD                    0x08000d2d   Thumb Code    20  stm32f4xx_hal_pcd_ex.o(i.HAL_PCDEx_ActivateBCD)
    HAL_PCDEx_ActivateLPM                    0x08000d41   Thumb Code    34  stm32f4xx_hal_pcd_ex.o(i.HAL_PCDEx_ActivateLPM)
    HAL_PCDEx_LPM_Callback                   0x08000d69   Thumb Code    92  usbd_conf.o(i.HAL_PCDEx_LPM_Callback)
    HAL_PCDEx_SetRxFiFo                      0x08000dc9   Thumb Code     8  stm32f4xx_hal_pcd_ex.o(i.HAL_PCDEx_SetRxFiFo)
    HAL_PCDEx_SetTxFiFo                      0x08000dd1   Thumb Code    68  stm32f4xx_hal_pcd_ex.o(i.HAL_PCDEx_SetTxFiFo)
    HAL_PCD_ConnectCallback                  0x08000e15   Thumb Code     8  usbd_conf.o(i.HAL_PCD_ConnectCallback)
    HAL_PCD_DataInStageCallback              0x08000e1d   Thumb Code    18  usbd_conf.o(i.HAL_PCD_DataInStageCallback)
    HAL_PCD_DataOutStageCallback             0x08000e2f   Thumb Code    20  usbd_conf.o(i.HAL_PCD_DataOutStageCallback)
    HAL_PCD_DisconnectCallback               0x08000e43   Thumb Code     8  usbd_conf.o(i.HAL_PCD_DisconnectCallback)
    HAL_PCD_EP_Close                         0x08000e4b   Thumb Code    68  stm32f4xx_hal_pcd.o(i.HAL_PCD_EP_Close)
    HAL_PCD_EP_ClrStall                      0x08000e8f   Thumb Code    80  stm32f4xx_hal_pcd.o(i.HAL_PCD_EP_ClrStall)
    HAL_PCD_EP_GetRxCount                    0x08000edf   Thumb Code    20  stm32f4xx_hal_pcd.o(i.HAL_PCD_EP_GetRxCount)
    HAL_PCD_EP_Open                          0x08000ef3   Thumb Code    84  stm32f4xx_hal_pcd.o(i.HAL_PCD_EP_Open)
    HAL_PCD_EP_Receive                       0x08000f47   Thumb Code    72  stm32f4xx_hal_pcd.o(i.HAL_PCD_EP_Receive)
    HAL_PCD_EP_SetStall                      0x08000f8f   Thumb Code    96  stm32f4xx_hal_pcd.o(i.HAL_PCD_EP_SetStall)
    HAL_PCD_EP_Transmit                      0x08000fef   Thumb Code    64  stm32f4xx_hal_pcd.o(i.HAL_PCD_EP_Transmit)
    HAL_PCD_IRQHandler                       0x08001031   Thumb Code  1292  stm32f4xx_hal_pcd.o(i.HAL_PCD_IRQHandler)
    HAL_PCD_ISOINIncompleteCallback          0x08001585   Thumb Code     8  usbd_conf.o(i.HAL_PCD_ISOINIncompleteCallback)
    HAL_PCD_ISOOUTIncompleteCallback         0x0800158d   Thumb Code     8  usbd_conf.o(i.HAL_PCD_ISOOUTIncompleteCallback)
    HAL_PCD_Init                             0x08001595   Thumb Code   216  stm32f4xx_hal_pcd.o(i.HAL_PCD_Init)
    HAL_PCD_MspInit                          0x0800166d   Thumb Code   110  usbd_conf.o(i.HAL_PCD_MspInit)
    HAL_PCD_ResetCallback                    0x080016e5   Thumb Code    32  usbd_conf.o(i.HAL_PCD_ResetCallback)
    HAL_PCD_ResumeCallback                   0x08001705   Thumb Code     8  usbd_conf.o(i.HAL_PCD_ResumeCallback)
    HAL_PCD_SOFCallback                      0x0800170d   Thumb Code     8  usbd_conf.o(i.HAL_PCD_SOFCallback)
    HAL_PCD_SetAddress                       0x08001715   Thumb Code    36  stm32f4xx_hal_pcd.o(i.HAL_PCD_SetAddress)
    HAL_PCD_SetupStageCallback               0x08001739   Thumb Code    14  usbd_conf.o(i.HAL_PCD_SetupStageCallback)
    HAL_PCD_Start                            0x08001747   Thumb Code    42  stm32f4xx_hal_pcd.o(i.HAL_PCD_Start)
    HAL_PCD_SuspendCallback                  0x08001771   Thumb Code    44  usbd_conf.o(i.HAL_PCD_SuspendCallback)
    HAL_RCCEx_PeriphCLKConfig                0x080017a1   Thumb Code   574  stm32f4xx_hal_rcc_ex.o(i.HAL_RCCEx_PeriphCLKConfig)
    HAL_RCC_ClockConfig                      0x08001a01   Thumb Code   286  stm32f4xx_hal_rcc.o(i.HAL_RCC_ClockConfig)
    HAL_RCC_GetHCLKFreq                      0x08001b31   Thumb Code     6  stm32f4xx_hal_rcc.o(i.HAL_RCC_GetHCLKFreq)
    HAL_RCC_GetPCLK1Freq                     0x08001b3d   Thumb Code    20  stm32f4xx_hal_rcc.o(i.HAL_RCC_GetPCLK1Freq)
    HAL_RCC_GetPCLK2Freq                     0x08001b5d   Thumb Code    20  stm32f4xx_hal_rcc.o(i.HAL_RCC_GetPCLK2Freq)
    HAL_RCC_GetSysClockFreq                  0x08001b7d   Thumb Code    88  stm32f4xx_hal_rcc.o(i.HAL_RCC_GetSysClockFreq)
    HAL_RCC_OscConfig                        0x08001bdd   Thumb Code   778  stm32f4xx_hal_rcc_ex.o(i.HAL_RCC_OscConfig)
    HAL_SYSTICK_Config                       0x08001f01   Thumb Code    40  stm32f4xx_hal_cortex.o(i.HAL_SYSTICK_Config)
    HAL_TIMEx_BreakCallback                  0x08001f29   Thumb Code     2  stm32f4xx_hal_tim_ex.o(i.HAL_TIMEx_BreakCallback)
    HAL_TIMEx_CommutationCallback            0x08001f2b   Thumb Code     2  stm32f4xx_hal_tim_ex.o(i.HAL_TIMEx_CommutationCallback)
    HAL_TIMEx_MasterConfigSynchronization    0x08001f2d   Thumb Code    80  stm32f4xx_hal_tim_ex.o(i.HAL_TIMEx_MasterConfigSynchronization)
    HAL_TIM_Base_Init                        0x08001f7d   Thumb Code    54  stm32f4xx_hal_tim.o(i.HAL_TIM_Base_Init)
    HAL_TIM_Base_MspInit                     0x08001fb5   Thumb Code    50  stm32f4xx_hal_msp.o(i.HAL_TIM_Base_MspInit)
    HAL_TIM_Base_Start_IT                    0x08001ff1   Thumb Code    24  stm32f4xx_hal_tim.o(i.HAL_TIM_Base_Start_IT)
    HAL_TIM_ConfigClockSource                0x08002009   Thumb Code   242  stm32f4xx_hal_tim.o(i.HAL_TIM_ConfigClockSource)
    HAL_TIM_IC_CaptureCallback               0x080020fb   Thumb Code     2  stm32f4xx_hal_tim.o(i.HAL_TIM_IC_CaptureCallback)
    HAL_TIM_IRQHandler                       0x080020fd   Thumb Code   358  stm32f4xx_hal_tim.o(i.HAL_TIM_IRQHandler)
    HAL_TIM_OC_DelayElapsedCallback          0x08002263   Thumb Code     2  stm32f4xx_hal_tim.o(i.HAL_TIM_OC_DelayElapsedCallback)
    HAL_TIM_PWM_PulseFinishedCallback        0x08002265   Thumb Code     2  stm32f4xx_hal_tim.o(i.HAL_TIM_PWM_PulseFinishedCallback)
    HAL_TIM_PeriodElapsedCallback            0x08002269   Thumb Code    74  usbd_cdc_if.o(i.HAL_TIM_PeriodElapsedCallback)
    HAL_TIM_TriggerCallback                  0x080022c5   Thumb Code     2  stm32f4xx_hal_tim.o(i.HAL_TIM_TriggerCallback)
    HAL_UART_DeInit                          0x080022c7   Thumb Code    40  stm32f4xx_hal_uart.o(i.HAL_UART_DeInit)
    HAL_UART_ErrorCallback                   0x080022ef   Thumb Code     2  stm32f4xx_hal_uart.o(i.HAL_UART_ErrorCallback)
    HAL_UART_IRQHandler                      0x080022f1   Thumb Code   266  stm32f4xx_hal_uart.o(i.HAL_UART_IRQHandler)
    HAL_UART_Init                            0x08002401   Thumb Code    98  stm32f4xx_hal_uart.o(i.HAL_UART_Init)
    HAL_UART_MspDeInit                       0x08002465   Thumb Code    50  stm32f4xx_hal_msp.o(i.HAL_UART_MspDeInit)
    HAL_UART_MspInit                         0x080024a5   Thumb Code   160  stm32f4xx_hal_msp.o(i.HAL_UART_MspInit)
    HAL_UART_Receive_IT                      0x08002559   Thumb Code    72  stm32f4xx_hal_uart.o(i.HAL_UART_Receive_IT)
    HAL_UART_RxCpltCallback                  0x080025a1   Thumb Code    30  usbd_cdc_if.o(i.HAL_UART_RxCpltCallback)
    HAL_UART_Transmit_DMA                    0x080025c9   Thumb Code   114  stm32f4xx_hal_uart.o(i.HAL_UART_Transmit_DMA)
    HAL_UART_TxCpltCallback                  0x08002649   Thumb Code     6  usbd_cdc_if.o(i.HAL_UART_TxCpltCallback)
    HAL_UART_TxHalfCpltCallback              0x08002655   Thumb Code     2  stm32f4xx_hal_uart.o(i.HAL_UART_TxHalfCpltCallback)
    HardFault_Handler                        0x08002657   Thumb Code     2  stm32f4xx_it.o(i.HardFault_Handler)
    MX_USB_DEVICE_Init                       0x080027bd   Thumb Code    38  usb_device.o(i.MX_USB_DEVICE_Init)
    MemManage_Handler                        0x080027f5   Thumb Code     2  stm32f4xx_it.o(i.MemManage_Handler)
    NMI_Handler                              0x080027f7   Thumb Code     2  stm32f4xx_it.o(i.NMI_Handler)
    OTG_FS_IRQHandler                        0x08002819   Thumb Code     6  stm32f4xx_it.o(i.OTG_FS_IRQHandler)
    PendSV_Handler                           0x080028ad   Thumb Code     2  stm32f4xx_it.o(i.PendSV_Handler)
    SVC_Handler                              0x080028af   Thumb Code     2  stm32f4xx_it.o(i.SVC_Handler)
    SysTick_Handler                          0x080028b1   Thumb Code     4  stm32f4xx_it.o(i.SysTick_Handler)
    SystemClock_Config                       0x080028b5   Thumb Code   146  main.o(i.SystemClock_Config)
    SystemInit                               0x08002951   Thumb Code    66  system_stm32f4xx.o(i.SystemInit)
    TIM1_UP_TIM10_IRQHandler                 0x080029a5   Thumb Code     6  stm32f4xx_it.o(i.TIM1_UP_TIM10_IRQHandler)
    TIM_Base_SetConfig                       0x080029b1   Thumb Code   148  stm32f4xx_hal_tim.o(i.TIM_Base_SetConfig)
    USART3_IRQHandler                        0x08002f39   Thumb Code     6  stm32f4xx_it.o(i.USART3_IRQHandler)
    USBD_CDC_GetDeviceQualifierDescriptor    0x08002fe9   Thumb Code     8  usbd_cdc.o(i.USBD_CDC_GetDeviceQualifierDescriptor)
    USBD_CDC_ReceivePacket                   0x080030a1   Thumb Code    40  usbd_cdc.o(i.USBD_CDC_ReceivePacket)
    USBD_CDC_RegisterInterface               0x080030c9   Thumb Code    16  usbd_cdc.o(i.USBD_CDC_RegisterInterface)
    USBD_CDC_SetRxBuffer                     0x080030d9   Thumb Code    12  usbd_cdc.o(i.USBD_CDC_SetRxBuffer)
    USBD_CDC_SetTxBuffer                     0x080030e5   Thumb Code    16  usbd_cdc.o(i.USBD_CDC_SetTxBuffer)
    USBD_CDC_TransmitPacket                  0x08003165   Thumb Code    48  usbd_cdc.o(i.USBD_CDC_TransmitPacket)
    USBD_ClrClassConfig                      0x08003195   Thumb Code    14  usbd_core.o(i.USBD_ClrClassConfig)
    USBD_CtlContinueRx                       0x080031a3   Thumb Code    16  usbd_ioreq.o(i.USBD_CtlContinueRx)
    USBD_CtlContinueSendData                 0x080031b3   Thumb Code    16  usbd_ioreq.o(i.USBD_CtlContinueSendData)
    USBD_CtlError                            0x080031c3   Thumb Code    22  usbd_ctlreq.o(i.USBD_CtlError)
    USBD_CtlPrepareRx                        0x080031d9   Thumb Code    30  usbd_ioreq.o(i.USBD_CtlPrepareRx)
    USBD_CtlReceiveStatus                    0x080031f7   Thumb Code    22  usbd_ioreq.o(i.USBD_CtlReceiveStatus)
    USBD_CtlSendData                         0x0800320d   Thumb Code    26  usbd_ioreq.o(i.USBD_CtlSendData)
    USBD_CtlSendStatus                       0x08003227   Thumb Code    22  usbd_ioreq.o(i.USBD_CtlSendStatus)
    USBD_FS_ConfigStrDescriptor              0x0800323d   Thumb Code    16  usbd_desc.o(i.USBD_FS_ConfigStrDescriptor)
    USBD_FS_DeviceDescriptor                 0x0800325d   Thumb Code     8  usbd_desc.o(i.USBD_FS_DeviceDescriptor)
    USBD_FS_InterfaceStrDescriptor           0x08003269   Thumb Code    16  usbd_desc.o(i.USBD_FS_InterfaceStrDescriptor)
    USBD_FS_LangIDStrDescriptor              0x0800328d   Thumb Code     8  usbd_desc.o(i.USBD_FS_LangIDStrDescriptor)
    USBD_FS_ManufacturerStrDescriptor        0x08003299   Thumb Code    16  usbd_desc.o(i.USBD_FS_ManufacturerStrDescriptor)
    USBD_FS_ProductStrDescriptor             0x080032c1   Thumb Code    16  usbd_desc.o(i.USBD_FS_ProductStrDescriptor)
    USBD_FS_SerialStrDescriptor              0x080032ed   Thumb Code    16  usbd_desc.o(i.USBD_FS_SerialStrDescriptor)
    USBD_FS_USR_BOSDescriptor                0x08003311   Thumb Code     8  usbd_desc.o(i.USBD_FS_USR_BOSDescriptor)
    USBD_GetString                           0x08003413   Thumb Code    70  usbd_ctlreq.o(i.USBD_GetString)
    USBD_Init                                0x08003459   Thumb Code    42  usbd_core.o(i.USBD_Init)
    USBD_LL_ClearStallEP                     0x08003483   Thumb Code    32  usbd_conf.o(i.USBD_LL_ClearStallEP)
    USBD_LL_CloseEP                          0x080034a3   Thumb Code    32  usbd_conf.o(i.USBD_LL_CloseEP)
    USBD_LL_DataInStage                      0x080034c3   Thumb Code   170  usbd_core.o(i.USBD_LL_DataInStage)
    USBD_LL_DataOutStage                     0x0800356d   Thumb Code   106  usbd_core.o(i.USBD_LL_DataOutStage)
    USBD_LL_DevConnected                     0x080035d7   Thumb Code     4  usbd_core.o(i.USBD_LL_DevConnected)
    USBD_LL_DevDisconnected                  0x080035db   Thumb Code    22  usbd_core.o(i.USBD_LL_DevDisconnected)
    USBD_LL_GetRxDataSize                    0x080035f1   Thumb Code     8  usbd_conf.o(i.USBD_LL_GetRxDataSize)
    USBD_LL_Init                             0x080035f9   Thumb Code    96  usbd_conf.o(i.USBD_LL_Init)
    USBD_LL_IsStallEP                        0x0800365d   Thumb Code    32  usbd_conf.o(i.USBD_LL_IsStallEP)
    USBD_LL_IsoINIncomplete                  0x0800367d   Thumb Code     4  usbd_core.o(i.USBD_LL_IsoINIncomplete)
    USBD_LL_IsoOUTIncomplete                 0x08003681   Thumb Code     4  usbd_core.o(i.USBD_LL_IsoOUTIncomplete)
    USBD_LL_OpenEP                           0x08003685   Thumb Code    38  usbd_conf.o(i.USBD_LL_OpenEP)
    USBD_LL_PrepareReceive                   0x080036ab   Thumb Code    32  usbd_conf.o(i.USBD_LL_PrepareReceive)
    USBD_LL_Reset                            0x080036cb   Thumb Code    62  usbd_core.o(i.USBD_LL_Reset)
    USBD_LL_Resume                           0x08003709   Thumb Code    12  usbd_core.o(i.USBD_LL_Resume)
    USBD_LL_SOF                              0x08003715   Thumb Code    24  usbd_core.o(i.USBD_LL_SOF)
    USBD_LL_SetSpeed                         0x0800372d   Thumb Code     6  usbd_core.o(i.USBD_LL_SetSpeed)
    USBD_LL_SetUSBAddress                    0x08003733   Thumb Code    32  usbd_conf.o(i.USBD_LL_SetUSBAddress)
    USBD_LL_SetupStage                       0x08003753   Thumb Code    90  usbd_core.o(i.USBD_LL_SetupStage)
    USBD_LL_StallEP                          0x080037ad   Thumb Code    32  usbd_conf.o(i.USBD_LL_StallEP)
    USBD_LL_Start                            0x080037cd   Thumb Code    32  usbd_conf.o(i.USBD_LL_Start)
    USBD_LL_Suspend                          0x080037ed   Thumb Code    18  usbd_core.o(i.USBD_LL_Suspend)
    USBD_LL_Transmit                         0x080037ff   Thumb Code    32  usbd_conf.o(i.USBD_LL_Transmit)
    USBD_ParseSetupRequest                   0x0800381f   Thumb Code    40  usbd_ctlreq.o(i.USBD_ParseSetupRequest)
    USBD_RegisterClass                       0x08003847   Thumb Code    16  usbd_core.o(i.USBD_RegisterClass)
    USBD_SetClassConfig                      0x08003857   Thumb Code    22  usbd_core.o(i.USBD_SetClassConfig)
    USBD_Start                               0x080038e1   Thumb Code    10  usbd_core.o(i.USBD_Start)
    USBD_StdDevReq                           0x080038eb   Thumb Code   242  usbd_ctlreq.o(i.USBD_StdDevReq)
    USBD_StdEPReq                            0x080039dd   Thumb Code   220  usbd_ctlreq.o(i.USBD_StdEPReq)
    USBD_StdItfReq                           0x08003ab9   Thumb Code    52  usbd_ctlreq.o(i.USBD_StdItfReq)
    USB_ActivateEndpoint                     0x08003aed   Thumb Code   122  stm32f4xx_ll_usb.o(i.USB_ActivateEndpoint)
    USB_ActivateSetup                        0x08003b6d   Thumb Code    52  stm32f4xx_ll_usb.o(i.USB_ActivateSetup)
    USB_CoreInit                             0x08003ba1   Thumb Code   104  stm32f4xx_ll_usb.o(i.USB_CoreInit)
    USB_DeactivateEndpoint                   0x08003c45   Thumb Code   196  stm32f4xx_ll_usb.o(i.USB_DeactivateEndpoint)
    USB_DevConnect                           0x08003d0d   Thumb Code    24  stm32f4xx_ll_usb.o(i.USB_DevConnect)
    USB_DevDisconnect                        0x08003d25   Thumb Code    24  stm32f4xx_ll_usb.o(i.USB_DevDisconnect)
    USB_DevInit                              0x08003d3d   Thumb Code   322  stm32f4xx_ll_usb.o(i.USB_DevInit)
    USB_DisableGlobalInt                     0x08003e91   Thumb Code    12  stm32f4xx_ll_usb.o(i.USB_DisableGlobalInt)
    USB_EP0StartXfer                         0x08003e9d   Thumb Code   316  stm32f4xx_ll_usb.o(i.USB_EP0StartXfer)
    USB_EP0_OutStart                         0x08003fdd   Thumb Code    62  stm32f4xx_ll_usb.o(i.USB_EP0_OutStart)
    USB_EPClearStall                         0x0800401b   Thumb Code   100  stm32f4xx_ll_usb.o(i.USB_EPClearStall)
    USB_EPSetStall                           0x0800407f   Thumb Code    94  stm32f4xx_ll_usb.o(i.USB_EPSetStall)
    USB_EPStartXfer                          0x080040dd   Thumb Code   534  stm32f4xx_ll_usb.o(i.USB_EPStartXfer)
    USB_EnableGlobalInt                      0x080042f9   Thumb Code    12  stm32f4xx_ll_usb.o(i.USB_EnableGlobalInt)
    USB_FlushRxFifo                          0x08004305   Thumb Code    28  stm32f4xx_ll_usb.o(i.USB_FlushRxFifo)
    USB_FlushTxFifo                          0x08004325   Thumb Code    32  stm32f4xx_ll_usb.o(i.USB_FlushTxFifo)
    USB_GetDevSpeed                          0x08004349   Thumb Code    60  stm32f4xx_ll_usb.o(i.USB_GetDevSpeed)
    USB_GetMode                              0x08004385   Thumb Code     8  stm32f4xx_ll_usb.o(i.USB_GetMode)
    USB_ReadDevAllInEpInterrupt              0x0800438d   Thumb Code    14  stm32f4xx_ll_usb.o(i.USB_ReadDevAllInEpInterrupt)
    USB_ReadDevAllOutEpInterrupt             0x0800439b   Thumb Code    14  stm32f4xx_ll_usb.o(i.USB_ReadDevAllOutEpInterrupt)
    USB_ReadDevInEPInterrupt                 0x080043a9   Thumb Code    30  stm32f4xx_ll_usb.o(i.USB_ReadDevInEPInterrupt)
    USB_ReadDevOutEPInterrupt                0x080043c7   Thumb Code    16  stm32f4xx_ll_usb.o(i.USB_ReadDevOutEPInterrupt)
    USB_ReadInterrupts                       0x080043d7   Thumb Code     8  stm32f4xx_ll_usb.o(i.USB_ReadInterrupts)
    USB_ReadPacket                           0x080043df   Thumb Code    32  stm32f4xx_ll_usb.o(i.USB_ReadPacket)
    USB_SetCurrentMode                       0x080043ff   Thumb Code    44  stm32f4xx_ll_usb.o(i.USB_SetCurrentMode)
    USB_SetDevAddress                        0x0800442b   Thumb Code    34  stm32f4xx_ll_usb.o(i.USB_SetDevAddress)
    USB_WritePacket                          0x0800444d   Thumb Code    40  stm32f4xx_ll_usb.o(i.USB_WritePacket)
    UsageFault_Handler                       0x08004475   Thumb Code     2  stm32f4xx_it.o(i.UsageFault_Handler)
    __scatterload_copy                       0x08004477   Thumb Code    14  handlers.o(i.__scatterload_copy)
    __scatterload_null                       0x08004485   Thumb Code     2  handlers.o(i.__scatterload_null)
    __scatterload_zeroinit                   0x08004487   Thumb Code    14  handlers.o(i.__scatterload_zeroinit)
    free                                     0x08004495   Thumb Code    76  malloc.o(i.free)
    main                                     0x080044e5   Thumb Code    90  main.o(i.main)
    malloc                                   0x0800454d   Thumb Code    92  malloc.o(i.malloc)
    AHBPrescTable                            0x080045c0   Data          16  system_stm32f4xx.o(.constdata)
    APBPrescTable                            0x080045d0   Data           8  system_stm32f4xx.o(.constdata)
    Region$$Table$$Base                      0x080045d8   Number         0  anon$$obj.o(Region$$Table)
    Region$$Table$$Limit                     0x080045f8   Number         0  anon$$obj.o(Region$$Table)
    FS_Desc                                  0x20000000   Data          32  usbd_desc.o(.data)
    USBD_LangIDDesc                          0x20000020   Data           4  usbd_desc.o(.data)
    USBD_FS_DeviceDesc                       0x20000024   Data          18  usbd_desc.o(.data)
    USBD_FS_BOSDesc                          0x20000038   Data          12  usbd_desc.o(.data)
    UserTxBufPtrIn                           0x20000044   Data           4  usbd_cdc_if.o(.data)
    UserTxBufPtrOut                          0x20000048   Data           4  usbd_cdc_if.o(.data)
    LineCoding                               0x2000004c   Data           8  usbd_cdc_if.o(.data)
    USBD_Interface_fops_FS                   0x20000054   Data          16  usbd_cdc_if.o(.data)
    uwTickFreq                               0x20000064   Data           1  stm32f4xx_hal.o(.data)
    uwTickPrio                               0x20000068   Data           4  stm32f4xx_hal.o(.data)
    uwTick                                   0x2000006c   Data           4  stm32f4xx_hal.o(.data)
    SystemCoreClock                          0x20000070   Data           4  system_stm32f4xx.o(.data)
    USBD_CDC_CfgHSDesc                       0x20000088   Data          67  usbd_cdc.o(.data)
    USBD_CDC_CfgFSDesc                       0x200000cc   Data          67  usbd_cdc.o(.data)
    USBD_CDC_OtherSpeedCfgDesc               0x20000110   Data          67  usbd_cdc.o(.data)
    USBD_CDC                                 0x20000154   Data          56  usbd_cdc.o(.data)
    __microlib_freelist                      0x2000018c   Data           4  mvars.o(.data)
    __microlib_freelist_initialised          0x20000190   Data           4  mvars.o(.data)
    htim1                                    0x20000194   Data          60  main.o(.bss)
    huart3                                   0x200001d0   Data          64  main.o(.bss)
    hdma_usart3_tx                           0x20000210   Data          96  main.o(.bss)
    hUsbDeviceFS                             0x20000270   Data         548  usb_device.o(.bss)
    hpcd_USB_OTG_FS                          0x20000494   Data        1024  usbd_conf.o(.bss)
    USBD_StrDesc                             0x20000894   Data         512  usbd_desc.o(.bss)
    UserRxBufferFS                           0x20000a94   Data        2048  usbd_cdc_if.o(.bss)
    UserTxBufferFS                           0x20001294   Data        2048  usbd_cdc_if.o(.bss)
    __heap_base                              0x20001a98   Data           0  startup_stm32f412zx.o(HEAP)
    __heap_limit                             0x20002098   Data           0  startup_stm32f412zx.o(HEAP)
    __initial_sp                             0x20002898   Data           0  startup_stm32f412zx.o(STACK)



==============================================================================

Memory Map of the image

  Image Entry point : 0x080001c5

  Load Region LR_IROM1 (Base: 0x08000000, Size: 0x0000478c, Max: 0x00100000, ABSOLUTE, COMPRESSED[0x000046cc])

    Execution Region ER_IROM1 (Exec base: 0x08000000, Load base: 0x08000000, Size: 0x000045f8, Max: 0x00100000, ABSOLUTE)

    Exec Addr    Load Addr    Size         Type   Attr      Idx    E Section Name        Object

    0x08000000   0x08000000   0x000001c4   Data   RO            3    RESET               startup_stm32f412zx.o
    0x080001c4   0x080001c4   0x00000000   Code   RO         4034  * .ARM.Collect$$$$00000000  mc_w.l(entry.o)
    0x080001c4   0x080001c4   0x00000004   Code   RO         4073    .ARM.Collect$$$$00000001  mc_w.l(entry2.o)
    0x080001c8   0x080001c8   0x00000004   Code   RO         4076    .ARM.Collect$$$$00000004  mc_w.l(entry5.o)
    0x080001cc   0x080001cc   0x00000000   Code   RO         4078    .ARM.Collect$$$$00000008  mc_w.l(entry7b.o)
    0x080001cc   0x080001cc   0x00000000   Code   RO         4080    .ARM.Collect$$$$0000000A  mc_w.l(entry8b.o)
    0x080001cc   0x080001cc   0x00000008   Code   RO         4081    .ARM.Collect$$$$0000000B  mc_w.l(entry9a.o)
    0x080001d4   0x080001d4   0x00000000   Code   RO         4083    .ARM.Collect$$$$0000000D  mc_w.l(entry10a.o)
    0x080001d4   0x080001d4   0x00000000   Code   RO         4085    .ARM.Collect$$$$0000000F  mc_w.l(entry11a.o)
    0x080001d4   0x080001d4   0x00000004   Code   RO         4074    .ARM.Collect$$$$00002712  mc_w.l(entry2.o)
    0x080001d8   0x080001d8   0x00000024   Code   RO            4    .text               startup_stm32f412zx.o
    0x080001fc   0x080001fc   0x00000062   Code   RO         4037    .text               mc_w.l(uldiv.o)
    0x0800025e   0x0800025e   0x00000024   Code   RO         4039    .text               mc_w.l(memcpya.o)
    0x08000282   0x08000282   0x00000024   Code   RO         4041    .text               mc_w.l(memseta.o)
    0x080002a6   0x080002a6   0x0000001e   Code   RO         4087    .text               mc_w.l(llshl.o)
    0x080002c4   0x080002c4   0x00000020   Code   RO         4089    .text               mc_w.l(llushr.o)
    0x080002e4   0x080002e4   0x00000024   Code   RO         4093    .text               mc_w.l(init.o)
    0x08000308   0x08000308   0x00000056   Code   RO         4103    .text               mc_w.l(__dczerorl2.o)
    0x0800035e   0x0800035e   0x00000002   Code   RO          580    i.BusFault_Handler  stm32f4xx_it.o
    0x08000360   0x08000360   0x00000058   Code   RO          504    i.CDC_Control_FS    usbd_cdc_if.o
    0x080003b8   0x080003b8   0x00000018   Code   RO          505    i.CDC_DeInit_FS     usbd_cdc_if.o
    0x080003d0   0x080003d0   0x00000034   Code   RO          506    i.CDC_Init_FS       usbd_cdc_if.o
    0x08000404   0x08000404   0x00000018   Code   RO          507    i.CDC_Receive_FS    usbd_cdc_if.o
    0x0800041c   0x0800041c   0x00000094   Code   RO          509    i.ComPort_Config    usbd_cdc_if.o
    0x080004b0   0x080004b0   0x0000000c   Code   RO          581    i.DMA1_Stream3_IRQHandler  stm32f4xx_it.o
    0x080004bc   0x080004bc   0x00000028   Code   RO         3020    i.DMA_CalcBaseAndBitshift  stm32f4xx_hal_dma.o
    0x080004e4   0x080004e4   0x00000054   Code   RO         3021    i.DMA_CheckFifoParam  stm32f4xx_hal_dma.o
    0x08000538   0x08000538   0x00000028   Code   RO         3022    i.DMA_SetConfig     stm32f4xx_hal_dma.o
    0x08000560   0x08000560   0x00000002   Code   RO          582    i.DebugMon_Handler  stm32f4xx_it.o
    0x08000562   0x08000562   0x00000002   Code   RO           13    i.Error_Handler     main.o
    0x08000564   0x08000564   0x00000024   Code   RO         3024    i.HAL_DMA_Abort_IT  stm32f4xx_hal_dma.o
    0x08000588   0x08000588   0x00000056   Code   RO         3025    i.HAL_DMA_DeInit    stm32f4xx_hal_dma.o
    0x080005de   0x080005de   0x00000002   PAD
    0x080005e0   0x080005e0   0x000001a0   Code   RO         3028    i.HAL_DMA_IRQHandler  stm32f4xx_hal_dma.o
    0x08000780   0x08000780   0x000000d4   Code   RO         3029    i.HAL_DMA_Init      stm32f4xx_hal_dma.o
    0x08000854   0x08000854   0x00000078   Code   RO         3033    i.HAL_DMA_Start_IT  stm32f4xx_hal_dma.o
    0x080008cc   0x080008cc   0x00000024   Code   RO         3466    i.HAL_Delay         stm32f4xx_hal.o
    0x080008f0   0x080008f0   0x00000134   Code   RO         2913    i.HAL_GPIO_DeInit   stm32f4xx_hal_gpio.o
    0x08000a24   0x08000a24   0x000001a4   Code   RO         2916    i.HAL_GPIO_Init     stm32f4xx_hal_gpio.o
    0x08000bc8   0x08000bc8   0x00000008   Code   RO         2919    i.HAL_GPIO_TogglePin  stm32f4xx_hal_gpio.o
    0x08000bd0   0x08000bd0   0x0000000a   Code   RO         2920    i.HAL_GPIO_WritePin  stm32f4xx_hal_gpio.o
    0x08000bda   0x08000bda   0x00000002   PAD
    0x08000bdc   0x08000bdc   0x0000000c   Code   RO         3472    i.HAL_GetTick       stm32f4xx_hal.o
    0x08000be8   0x08000be8   0x00000010   Code   RO         3476    i.HAL_IncTick       stm32f4xx_hal.o
    0x08000bf8   0x08000bf8   0x00000034   Code   RO         3477    i.HAL_Init          stm32f4xx_hal.o
    0x08000c2c   0x08000c2c   0x00000040   Code   RO         3478    i.HAL_InitTick      stm32f4xx_hal.o
    0x08000c6c   0x08000c6c   0x00000030   Code   RO          680    i.HAL_MspInit       stm32f4xx_hal_msp.o
    0x08000c9c   0x08000c9c   0x00000016   Code   RO         3328    i.HAL_NVIC_DisableIRQ  stm32f4xx_hal_cortex.o
    0x08000cb2   0x08000cb2   0x00000016   Code   RO         3329    i.HAL_NVIC_EnableIRQ  stm32f4xx_hal_cortex.o
    0x08000cc8   0x08000cc8   0x00000040   Code   RO         3335    i.HAL_NVIC_SetPriority  stm32f4xx_hal_cortex.o
    0x08000d08   0x08000d08   0x00000024   Code   RO         3336    i.HAL_NVIC_SetPriorityGrouping  stm32f4xx_hal_cortex.o
    0x08000d2c   0x08000d2c   0x00000014   Code   RO          944    i.HAL_PCDEx_ActivateBCD  stm32f4xx_hal_pcd_ex.o
    0x08000d40   0x08000d40   0x00000028   Code   RO          945    i.HAL_PCDEx_ActivateLPM  stm32f4xx_hal_pcd_ex.o
    0x08000d68   0x08000d68   0x00000060   Code   RO          230    i.HAL_PCDEx_LPM_Callback  usbd_conf.o
    0x08000dc8   0x08000dc8   0x00000008   Code   RO          951    i.HAL_PCDEx_SetRxFiFo  stm32f4xx_hal_pcd_ex.o
    0x08000dd0   0x08000dd0   0x00000044   Code   RO          952    i.HAL_PCDEx_SetTxFiFo  stm32f4xx_hal_pcd_ex.o
    0x08000e14   0x08000e14   0x00000008   Code   RO          231    i.HAL_PCD_ConnectCallback  usbd_conf.o
    0x08000e1c   0x08000e1c   0x00000012   Code   RO          232    i.HAL_PCD_DataInStageCallback  usbd_conf.o
    0x08000e2e   0x08000e2e   0x00000014   Code   RO          233    i.HAL_PCD_DataOutStageCallback  usbd_conf.o
    0x08000e42   0x08000e42   0x00000008   Code   RO          234    i.HAL_PCD_DisconnectCallback  usbd_conf.o
    0x08000e4a   0x08000e4a   0x00000044   Code   RO          738    i.HAL_PCD_EP_Close  stm32f4xx_hal_pcd.o
    0x08000e8e   0x08000e8e   0x00000050   Code   RO          739    i.HAL_PCD_EP_ClrStall  stm32f4xx_hal_pcd.o
    0x08000ede   0x08000ede   0x00000014   Code   RO          741    i.HAL_PCD_EP_GetRxCount  stm32f4xx_hal_pcd.o
    0x08000ef2   0x08000ef2   0x00000054   Code   RO          742    i.HAL_PCD_EP_Open   stm32f4xx_hal_pcd.o
    0x08000f46   0x08000f46   0x00000048   Code   RO          743    i.HAL_PCD_EP_Receive  stm32f4xx_hal_pcd.o
    0x08000f8e   0x08000f8e   0x00000060   Code   RO          744    i.HAL_PCD_EP_SetStall  stm32f4xx_hal_pcd.o
    0x08000fee   0x08000fee   0x00000040   Code   RO          745    i.HAL_PCD_EP_Transmit  stm32f4xx_hal_pcd.o
    0x0800102e   0x0800102e   0x00000002   PAD
    0x08001030   0x08001030   0x00000554   Code   RO          747    i.HAL_PCD_IRQHandler  stm32f4xx_hal_pcd.o
    0x08001584   0x08001584   0x00000008   Code   RO          235    i.HAL_PCD_ISOINIncompleteCallback  usbd_conf.o
    0x0800158c   0x0800158c   0x00000008   Code   RO          236    i.HAL_PCD_ISOOUTIncompleteCallback  usbd_conf.o
    0x08001594   0x08001594   0x000000d8   Code   RO          750    i.HAL_PCD_Init      stm32f4xx_hal_pcd.o
    0x0800166c   0x0800166c   0x00000078   Code   RO          238    i.HAL_PCD_MspInit   usbd_conf.o
    0x080016e4   0x080016e4   0x00000020   Code   RO          239    i.HAL_PCD_ResetCallback  usbd_conf.o
    0x08001704   0x08001704   0x00000008   Code   RO          240    i.HAL_PCD_ResumeCallback  usbd_conf.o
    0x0800170c   0x0800170c   0x00000008   Code   RO          241    i.HAL_PCD_SOFCallback  usbd_conf.o
    0x08001714   0x08001714   0x00000024   Code   RO          756    i.HAL_PCD_SetAddress  stm32f4xx_hal_pcd.o
    0x08001738   0x08001738   0x0000000e   Code   RO          242    i.HAL_PCD_SetupStageCallback  usbd_conf.o
    0x08001746   0x08001746   0x0000002a   Code   RO          758    i.HAL_PCD_Start     stm32f4xx_hal_pcd.o
    0x08001770   0x08001770   0x00000030   Code   RO          243    i.HAL_PCD_SuspendCallback  usbd_conf.o
    0x080017a0   0x080017a0   0x00000260   Code   RO         2601    i.HAL_RCCEx_PeriphCLKConfig  stm32f4xx_hal_rcc_ex.o
    0x08001a00   0x08001a00   0x00000130   Code   RO         2496    i.HAL_RCC_ClockConfig  stm32f4xx_hal_rcc.o
    0x08001b30   0x08001b30   0x0000000c   Code   RO         2501    i.HAL_RCC_GetHCLKFreq  stm32f4xx_hal_rcc.o
    0x08001b3c   0x08001b3c   0x00000020   Code   RO         2503    i.HAL_RCC_GetPCLK1Freq  stm32f4xx_hal_rcc.o
    0x08001b5c   0x08001b5c   0x00000020   Code   RO         2504    i.HAL_RCC_GetPCLK2Freq  stm32f4xx_hal_rcc.o
    0x08001b7c   0x08001b7c   0x00000060   Code   RO         2505    i.HAL_RCC_GetSysClockFreq  stm32f4xx_hal_rcc.o
    0x08001bdc   0x08001bdc   0x00000324   Code   RO         2605    i.HAL_RCC_OscConfig  stm32f4xx_hal_rcc_ex.o
    0x08001f00   0x08001f00   0x00000028   Code   RO         3340    i.HAL_SYSTICK_Config  stm32f4xx_hal_cortex.o
    0x08001f28   0x08001f28   0x00000002   Code   RO         1930    i.HAL_TIMEx_BreakCallback  stm32f4xx_hal_tim_ex.o
    0x08001f2a   0x08001f2a   0x00000002   Code   RO         1931    i.HAL_TIMEx_CommutationCallback  stm32f4xx_hal_tim_ex.o
    0x08001f2c   0x08001f2c   0x00000050   Code   RO         1947    i.HAL_TIMEx_MasterConfigSynchronization  stm32f4xx_hal_tim_ex.o
    0x08001f7c   0x08001f7c   0x00000036   Code   RO         1301    i.HAL_TIM_Base_Init  stm32f4xx_hal_tim.o
    0x08001fb2   0x08001fb2   0x00000002   PAD
    0x08001fb4   0x08001fb4   0x0000003c   Code   RO          682    i.HAL_TIM_Base_MspInit  stm32f4xx_hal_msp.o
    0x08001ff0   0x08001ff0   0x00000018   Code   RO         1306    i.HAL_TIM_Base_Start_IT  stm32f4xx_hal_tim.o
    0x08002008   0x08002008   0x000000f2   Code   RO         1310    i.HAL_TIM_ConfigClockSource  stm32f4xx_hal_tim.o
    0x080020fa   0x080020fa   0x00000002   Code   RO         1330    i.HAL_TIM_IC_CaptureCallback  stm32f4xx_hal_tim.o
    0x080020fc   0x080020fc   0x00000166   Code   RO         1343    i.HAL_TIM_IRQHandler  stm32f4xx_hal_tim.o
    0x08002262   0x08002262   0x00000002   Code   RO         1346    i.HAL_TIM_OC_DelayElapsedCallback  stm32f4xx_hal_tim.o
    0x08002264   0x08002264   0x00000002   Code   RO         1373    i.HAL_TIM_PWM_PulseFinishedCallback  stm32f4xx_hal_tim.o
    0x08002266   0x08002266   0x00000002   PAD
    0x08002268   0x08002268   0x0000005c   Code   RO          510    i.HAL_TIM_PeriodElapsedCallback  usbd_cdc_if.o
    0x080022c4   0x080022c4   0x00000002   Code   RO         1384    i.HAL_TIM_TriggerCallback  stm32f4xx_hal_tim.o
    0x080022c6   0x080022c6   0x00000028   Code   RO         2189    i.HAL_UART_DeInit   stm32f4xx_hal_uart.o
    0x080022ee   0x080022ee   0x00000002   Code   RO         2190    i.HAL_UART_ErrorCallback  stm32f4xx_hal_uart.o
    0x080022f0   0x080022f0   0x00000110   Code   RO         2193    i.HAL_UART_IRQHandler  stm32f4xx_hal_uart.o
    0x08002400   0x08002400   0x00000062   Code   RO         2194    i.HAL_UART_Init     stm32f4xx_hal_uart.o
    0x08002462   0x08002462   0x00000002   PAD
    0x08002464   0x08002464   0x00000040   Code   RO          683    i.HAL_UART_MspDeInit  stm32f4xx_hal_msp.o
    0x080024a4   0x080024a4   0x000000b4   Code   RO          684    i.HAL_UART_MspInit  stm32f4xx_hal_msp.o
    0x08002558   0x08002558   0x00000048   Code   RO         2199    i.HAL_UART_Receive_IT  stm32f4xx_hal_uart.o
    0x080025a0   0x080025a0   0x00000028   Code   RO          511    i.HAL_UART_RxCpltCallback  usbd_cdc_if.o
    0x080025c8   0x080025c8   0x00000080   Code   RO         2203    i.HAL_UART_Transmit_DMA  stm32f4xx_hal_uart.o
    0x08002648   0x08002648   0x0000000c   Code   RO          512    i.HAL_UART_TxCpltCallback  usbd_cdc_if.o
    0x08002654   0x08002654   0x00000002   Code   RO         2206    i.HAL_UART_TxHalfCpltCallback  stm32f4xx_hal_uart.o
    0x08002656   0x08002656   0x00000002   Code   RO          583    i.HardFault_Handler  stm32f4xx_it.o
    0x08002658   0x08002658   0x00000110   Code   RO           14    i.MX_GPIO_Init      main.o
    0x08002768   0x08002768   0x00000054   Code   RO           15    i.MX_TIM1_Init      main.o
    0x080027bc   0x080027bc   0x00000038   Code   RO          181    i.MX_USB_DEVICE_Init  usb_device.o
    0x080027f4   0x080027f4   0x00000002   Code   RO          584    i.MemManage_Handler  stm32f4xx_it.o
    0x080027f6   0x080027f6   0x00000002   Code   RO          585    i.NMI_Handler       stm32f4xx_it.o
    0x080027f8   0x080027f8   0x00000020   Code   RO         3342    i.NVIC_SetPriority  stm32f4xx_hal_cortex.o
    0x08002818   0x08002818   0x0000000c   Code   RO          586    i.OTG_FS_IRQHandler  stm32f4xx_it.o
    0x08002824   0x08002824   0x00000088   Code   RO          761    i.PCD_WriteEmptyTxFifo  stm32f4xx_hal_pcd.o
    0x080028ac   0x080028ac   0x00000002   Code   RO          587    i.PendSV_Handler    stm32f4xx_it.o
    0x080028ae   0x080028ae   0x00000002   Code   RO          588    i.SVC_Handler       stm32f4xx_it.o
    0x080028b0   0x080028b0   0x00000004   Code   RO          589    i.SysTick_Handler   stm32f4xx_it.o
    0x080028b4   0x080028b4   0x0000009c   Code   RO           16    i.SystemClock_Config  main.o
    0x08002950   0x08002950   0x00000054   Code   RO         3631    i.SystemInit        system_stm32f4xx.o
    0x080029a4   0x080029a4   0x0000000c   Code   RO          590    i.TIM1_UP_TIM10_IRQHandler  stm32f4xx_it.o
    0x080029b0   0x080029b0   0x000000c0   Code   RO         1385    i.TIM_Base_SetConfig  stm32f4xx_hal_tim.o
    0x08002a70   0x08002a70   0x00000014   Code   RO         1392    i.TIM_ETR_SetConfig  stm32f4xx_hal_tim.o
    0x08002a84   0x08002a84   0x00000010   Code   RO         1393    i.TIM_ITRx_SetConfig  stm32f4xx_hal_tim.o
    0x08002a94   0x08002a94   0x00000022   Code   RO         1399    i.TIM_TI1_ConfigInputStage  stm32f4xx_hal_tim.o
    0x08002ab6   0x08002ab6   0x00000024   Code   RO         1401    i.TIM_TI2_ConfigInputStage  stm32f4xx_hal_tim.o
    0x08002ada   0x08002ada   0x00000010   Code   RO         2207    i.UART_DMAAbortOnError  stm32f4xx_hal_uart.o
    0x08002aea   0x08002aea   0x0000004a   Code   RO         2208    i.UART_DMAError     stm32f4xx_hal_uart.o
    0x08002b34   0x08002b34   0x0000002e   Code   RO         2213    i.UART_DMATransmitCplt  stm32f4xx_hal_uart.o
    0x08002b62   0x08002b62   0x0000000a   Code   RO         2215    i.UART_DMATxHalfCplt  stm32f4xx_hal_uart.o
    0x08002b6c   0x08002b6c   0x0000001c   Code   RO         2217    i.UART_EndRxTransfer  stm32f4xx_hal_uart.o
    0x08002b88   0x08002b88   0x00000012   Code   RO         2218    i.UART_EndTxTransfer  stm32f4xx_hal_uart.o
    0x08002b9a   0x08002b9a   0x0000008c   Code   RO         2219    i.UART_Receive_IT   stm32f4xx_hal_uart.o
    0x08002c26   0x08002c26   0x00000002   PAD
    0x08002c28   0x08002c28   0x000002ac   Code   RO         2220    i.UART_SetConfig    stm32f4xx_hal_uart.o
    0x08002ed4   0x08002ed4   0x00000062   Code   RO         2221    i.UART_Transmit_IT  stm32f4xx_hal_uart.o
    0x08002f36   0x08002f36   0x00000002   PAD
    0x08002f38   0x08002f38   0x0000000c   Code   RO          591    i.USART3_IRQHandler  stm32f4xx_it.o
    0x08002f44   0x08002f44   0x00000014   Code   RO         3931    i.USBD_CDC_DataIn   usbd_cdc.o
    0x08002f58   0x08002f58   0x0000002e   Code   RO         3932    i.USBD_CDC_DataOut  usbd_cdc.o
    0x08002f86   0x08002f86   0x0000003c   Code   RO         3933    i.USBD_CDC_DeInit   usbd_cdc.o
    0x08002fc2   0x08002fc2   0x00000024   Code   RO         3934    i.USBD_CDC_EP0_RxReady  usbd_cdc.o
    0x08002fe6   0x08002fe6   0x00000002   PAD
    0x08002fe8   0x08002fe8   0x0000000c   Code   RO         3935    i.USBD_CDC_GetDeviceQualifierDescriptor  usbd_cdc.o
    0x08002ff4   0x08002ff4   0x0000000c   Code   RO         3936    i.USBD_CDC_GetFSCfgDesc  usbd_cdc.o
    0x08003000   0x08003000   0x0000000c   Code   RO         3937    i.USBD_CDC_GetHSCfgDesc  usbd_cdc.o
    0x0800300c   0x0800300c   0x0000000c   Code   RO         3938    i.USBD_CDC_GetOtherSpeedCfgDesc  usbd_cdc.o
    0x08003018   0x08003018   0x00000088   Code   RO         3939    i.USBD_CDC_Init     usbd_cdc.o
    0x080030a0   0x080030a0   0x00000028   Code   RO         3940    i.USBD_CDC_ReceivePacket  usbd_cdc.o
    0x080030c8   0x080030c8   0x00000010   Code   RO         3941    i.USBD_CDC_RegisterInterface  usbd_cdc.o
    0x080030d8   0x080030d8   0x0000000c   Code   RO         3942    i.USBD_CDC_SetRxBuffer  usbd_cdc.o
    0x080030e4   0x080030e4   0x00000010   Code   RO         3943    i.USBD_CDC_SetTxBuffer  usbd_cdc.o
    0x080030f4   0x080030f4   0x00000070   Code   RO         3944    i.USBD_CDC_Setup    usbd_cdc.o
    0x08003164   0x08003164   0x00000030   Code   RO         3945    i.USBD_CDC_TransmitPacket  usbd_cdc.o
    0x08003194   0x08003194   0x0000000e   Code   RO         3668    i.USBD_ClrClassConfig  usbd_core.o
    0x080031a2   0x080031a2   0x00000010   Code   RO         3871    i.USBD_CtlContinueRx  usbd_ioreq.o
    0x080031b2   0x080031b2   0x00000010   Code   RO         3872    i.USBD_CtlContinueSendData  usbd_ioreq.o
    0x080031c2   0x080031c2   0x00000016   Code   RO         3806    i.USBD_CtlError     usbd_ctlreq.o
    0x080031d8   0x080031d8   0x0000001e   Code   RO         3873    i.USBD_CtlPrepareRx  usbd_ioreq.o
    0x080031f6   0x080031f6   0x00000016   Code   RO         3874    i.USBD_CtlReceiveStatus  usbd_ioreq.o
    0x0800320c   0x0800320c   0x0000001a   Code   RO         3875    i.USBD_CtlSendData  usbd_ioreq.o
    0x08003226   0x08003226   0x00000016   Code   RO         3876    i.USBD_CtlSendStatus  usbd_ioreq.o
    0x0800323c   0x0800323c   0x00000020   Code   RO          430    i.USBD_FS_ConfigStrDescriptor  usbd_desc.o
    0x0800325c   0x0800325c   0x0000000c   Code   RO          431    i.USBD_FS_DeviceDescriptor  usbd_desc.o
    0x08003268   0x08003268   0x00000024   Code   RO          432    i.USBD_FS_InterfaceStrDescriptor  usbd_desc.o
    0x0800328c   0x0800328c   0x0000000c   Code   RO          433    i.USBD_FS_LangIDStrDescriptor  usbd_desc.o
    0x08003298   0x08003298   0x00000028   Code   RO          434    i.USBD_FS_ManufacturerStrDescriptor  usbd_desc.o
    0x080032c0   0x080032c0   0x0000002c   Code   RO          435    i.USBD_FS_ProductStrDescriptor  usbd_desc.o
    0x080032ec   0x080032ec   0x00000024   Code   RO          436    i.USBD_FS_SerialStrDescriptor  usbd_desc.o
    0x08003310   0x08003310   0x0000000c   Code   RO          437    i.USBD_FS_USR_BOSDescriptor  usbd_desc.o
    0x0800331c   0x0800331c   0x000000f6   Code   RO         3807    i.USBD_GetDescriptor  usbd_ctlreq.o
    0x08003412   0x08003412   0x00000046   Code   RO         3808    i.USBD_GetString    usbd_ctlreq.o
    0x08003458   0x08003458   0x0000002a   Code   RO         3670    i.USBD_Init         usbd_core.o
    0x08003482   0x08003482   0x00000020   Code   RO          244    i.USBD_LL_ClearStallEP  usbd_conf.o
    0x080034a2   0x080034a2   0x00000020   Code   RO          245    i.USBD_LL_CloseEP   usbd_conf.o
    0x080034c2   0x080034c2   0x000000aa   Code   RO         3671    i.USBD_LL_DataInStage  usbd_core.o
    0x0800356c   0x0800356c   0x0000006a   Code   RO         3672    i.USBD_LL_DataOutStage  usbd_core.o
    0x080035d6   0x080035d6   0x00000004   Code   RO         3673    i.USBD_LL_DevConnected  usbd_core.o
    0x080035da   0x080035da   0x00000016   Code   RO         3674    i.USBD_LL_DevDisconnected  usbd_core.o
    0x080035f0   0x080035f0   0x00000008   Code   RO          249    i.USBD_LL_GetRxDataSize  usbd_conf.o
    0x080035f8   0x080035f8   0x00000064   Code   RO          250    i.USBD_LL_Init      usbd_conf.o
    0x0800365c   0x0800365c   0x00000020   Code   RO          251    i.USBD_LL_IsStallEP  usbd_conf.o
    0x0800367c   0x0800367c   0x00000004   Code   RO         3675    i.USBD_LL_IsoINIncomplete  usbd_core.o
    0x08003680   0x08003680   0x00000004   Code   RO         3676    i.USBD_LL_IsoOUTIncomplete  usbd_core.o
    0x08003684   0x08003684   0x00000026   Code   RO          252    i.USBD_LL_OpenEP    usbd_conf.o
    0x080036aa   0x080036aa   0x00000020   Code   RO          253    i.USBD_LL_PrepareReceive  usbd_conf.o
    0x080036ca   0x080036ca   0x0000003e   Code   RO         3677    i.USBD_LL_Reset     usbd_core.o
    0x08003708   0x08003708   0x0000000c   Code   RO         3678    i.USBD_LL_Resume    usbd_core.o
    0x08003714   0x08003714   0x00000018   Code   RO         3679    i.USBD_LL_SOF       usbd_core.o
    0x0800372c   0x0800372c   0x00000006   Code   RO         3680    i.USBD_LL_SetSpeed  usbd_core.o
    0x08003732   0x08003732   0x00000020   Code   RO          254    i.USBD_LL_SetUSBAddress  usbd_conf.o
    0x08003752   0x08003752   0x0000005a   Code   RO         3681    i.USBD_LL_SetupStage  usbd_core.o
    0x080037ac   0x080037ac   0x00000020   Code   RO          255    i.USBD_LL_StallEP   usbd_conf.o
    0x080037cc   0x080037cc   0x00000020   Code   RO          256    i.USBD_LL_Start     usbd_conf.o
    0x080037ec   0x080037ec   0x00000012   Code   RO         3682    i.USBD_LL_Suspend   usbd_core.o
    0x080037fe   0x080037fe   0x00000020   Code   RO          258    i.USBD_LL_Transmit  usbd_conf.o
    0x0800381e   0x0800381e   0x00000028   Code   RO         3809    i.USBD_ParseSetupRequest  usbd_ctlreq.o
    0x08003846   0x08003846   0x00000010   Code   RO         3683    i.USBD_RegisterClass  usbd_core.o
    0x08003856   0x08003856   0x00000016   Code   RO         3685    i.USBD_SetClassConfig  usbd_core.o
    0x0800386c   0x0800386c   0x00000074   Code   RO         3810    i.USBD_SetConfig    usbd_ctlreq.o
    0x080038e0   0x080038e0   0x0000000a   Code   RO         3686    i.USBD_Start        usbd_core.o
    0x080038ea   0x080038ea   0x000000f2   Code   RO         3811    i.USBD_StdDevReq    usbd_ctlreq.o
    0x080039dc   0x080039dc   0x000000dc   Code   RO         3812    i.USBD_StdEPReq     usbd_ctlreq.o
    0x08003ab8   0x08003ab8   0x00000034   Code   RO         3813    i.USBD_StdItfReq    usbd_ctlreq.o
    0x08003aec   0x08003aec   0x00000080   Code   RO         1017    i.USB_ActivateEndpoint  stm32f4xx_ll_usb.o
    0x08003b6c   0x08003b6c   0x00000034   Code   RO         1018    i.USB_ActivateSetup  stm32f4xx_ll_usb.o
    0x08003ba0   0x08003ba0   0x0000006c   Code   RO         1020    i.USB_CoreInit      stm32f4xx_ll_usb.o
    0x08003c0c   0x08003c0c   0x00000038   Code   RO         1021    i.USB_CoreReset     stm32f4xx_ll_usb.o
    0x08003c44   0x08003c44   0x000000c8   Code   RO         1023    i.USB_DeactivateEndpoint  stm32f4xx_ll_usb.o
    0x08003d0c   0x08003d0c   0x00000018   Code   RO         1024    i.USB_DevConnect    stm32f4xx_ll_usb.o
    0x08003d24   0x08003d24   0x00000018   Code   RO         1025    i.USB_DevDisconnect  stm32f4xx_ll_usb.o
    0x08003d3c   0x08003d3c   0x00000154   Code   RO         1026    i.USB_DevInit       stm32f4xx_ll_usb.o
    0x08003e90   0x08003e90   0x0000000c   Code   RO         1027    i.USB_DisableGlobalInt  stm32f4xx_ll_usb.o
    0x08003e9c   0x08003e9c   0x00000140   Code   RO         1030    i.USB_EP0StartXfer  stm32f4xx_ll_usb.o
    0x08003fdc   0x08003fdc   0x0000003e   Code   RO         1031    i.USB_EP0_OutStart  stm32f4xx_ll_usb.o
    0x0800401a   0x0800401a   0x00000064   Code   RO         1032    i.USB_EPClearStall  stm32f4xx_ll_usb.o
    0x0800407e   0x0800407e   0x0000005e   Code   RO         1033    i.USB_EPSetStall    stm32f4xx_ll_usb.o
    0x080040dc   0x080040dc   0x0000021c   Code   RO         1034    i.USB_EPStartXfer   stm32f4xx_ll_usb.o
    0x080042f8   0x080042f8   0x0000000c   Code   RO         1035    i.USB_EnableGlobalInt  stm32f4xx_ll_usb.o
    0x08004304   0x08004304   0x00000020   Code   RO         1036    i.USB_FlushRxFifo   stm32f4xx_ll_usb.o
    0x08004324   0x08004324   0x00000024   Code   RO         1037    i.USB_FlushTxFifo   stm32f4xx_ll_usb.o
    0x08004348   0x08004348   0x0000003c   Code   RO         1039    i.USB_GetDevSpeed   stm32f4xx_ll_usb.o
    0x08004384   0x08004384   0x00000008   Code   RO         1041    i.USB_GetMode       stm32f4xx_ll_usb.o
    0x0800438c   0x0800438c   0x0000000e   Code   RO         1048    i.USB_ReadDevAllInEpInterrupt  stm32f4xx_ll_usb.o
    0x0800439a   0x0800439a   0x0000000e   Code   RO         1049    i.USB_ReadDevAllOutEpInterrupt  stm32f4xx_ll_usb.o
    0x080043a8   0x080043a8   0x0000001e   Code   RO         1050    i.USB_ReadDevInEPInterrupt  stm32f4xx_ll_usb.o
    0x080043c6   0x080043c6   0x00000010   Code   RO         1051    i.USB_ReadDevOutEPInterrupt  stm32f4xx_ll_usb.o
    0x080043d6   0x080043d6   0x00000008   Code   RO         1052    i.USB_ReadInterrupts  stm32f4xx_ll_usb.o
    0x080043de   0x080043de   0x00000020   Code   RO         1053    i.USB_ReadPacket    stm32f4xx_ll_usb.o
    0x080043fe   0x080043fe   0x0000002c   Code   RO         1055    i.USB_SetCurrentMode  stm32f4xx_ll_usb.o
    0x0800442a   0x0800442a   0x00000022   Code   RO         1056    i.USB_SetDevAddress  stm32f4xx_ll_usb.o
    0x0800444c   0x0800444c   0x00000028   Code   RO         1060    i.USB_WritePacket   stm32f4xx_ll_usb.o
    0x08004474   0x08004474   0x00000002   Code   RO          592    i.UsageFault_Handler  stm32f4xx_it.o
    0x08004476   0x08004476   0x0000000e   Code   RO         4097    i.__scatterload_copy  mc_w.l(handlers.o)
    0x08004484   0x08004484   0x00000002   Code   RO         4098    i.__scatterload_null  mc_w.l(handlers.o)
    0x08004486   0x08004486   0x0000000e   Code   RO         4099    i.__scatterload_zeroinit  mc_w.l(handlers.o)
    0x08004494   0x08004494   0x00000050   Code   RO         4045    i.free              mc_w.l(malloc.o)
    0x080044e4   0x080044e4   0x00000068   Code   RO           17    i.main              main.o
    0x0800454c   0x0800454c   0x0000006c   Code   RO         4046    i.malloc            mc_w.l(malloc.o)
    0x080045b8   0x080045b8   0x00000008   Data   RO         3035    .constdata          stm32f4xx_hal_dma.o
    0x080045c0   0x080045c0   0x00000010   Data   RO         3632    .constdata          system_stm32f4xx.o
    0x080045d0   0x080045d0   0x00000008   Data   RO         3633    .constdata          system_stm32f4xx.o
    0x080045d8   0x080045d8   0x00000020   Data   RO         4095    Region$$Table       anon$$obj.o


    Execution Region RW_IRAM1 (Exec base: 0x20000000, Load base: 0x080045f8, Size: 0x00002898, Max: 0x00040000, ABSOLUTE, COMPRESSED[0x000000d4])

    Exec Addr    Load Addr    Size         Type   Attr      Idx    E Section Name        Object

    0x20000000   COMPRESSED   0x00000020   Data   RW          439    .data               usbd_desc.o
    0x20000020   COMPRESSED   0x00000024   Data   RW          440    .data               usbd_desc.o
    0x20000044   COMPRESSED   0x00000010   Data   RW          514    .data               usbd_cdc_if.o
    0x20000054   COMPRESSED   0x00000010   Data   RW          515    .data               usbd_cdc_if.o
    0x20000064   COMPRESSED   0x0000000c   Data   RW         3484    .data               stm32f4xx_hal.o
    0x20000070   COMPRESSED   0x00000004   Data   RW         3634    .data               system_stm32f4xx.o
    0x20000074   COMPRESSED   0x00000001   Data   RW         3814    .data               usbd_ctlreq.o
    0x20000075   COMPRESSED   0x00000003   PAD
    0x20000078   COMPRESSED   0x000000db   Data   RW         3946    .data               usbd_cdc.o
    0x20000153   COMPRESSED   0x00000001   PAD
    0x20000154   COMPRESSED   0x00000038   Data   RW         3947    .data               usbd_cdc.o
    0x2000018c   COMPRESSED   0x00000004   Data   RW         4091    .data               mc_w.l(mvars.o)
    0x20000190   COMPRESSED   0x00000004   Data   RW         4092    .data               mc_w.l(mvars.o)
    0x20000194        -       0x0000007c   Zero   RW           18    .bss                main.o
    0x20000210        -       0x00000060   Zero   RW           19    .bss                main.o
    0x20000270        -       0x00000224   Zero   RW          182    .bss                usb_device.o
    0x20000494        -       0x00000400   Zero   RW          259    .bss                usbd_conf.o
    0x20000894        -       0x00000200   Zero   RW          438    .bss                usbd_desc.o
    0x20000a94        -       0x00001000   Zero   RW          513    .bss                usbd_cdc_if.o
    0x20001a94   COMPRESSED   0x00000004   PAD
    0x20001a98        -       0x00000600   Zero   RW            2    HEAP                startup_stm32f412zx.o
    0x20002098        -       0x00000800   Zero   RW            1    STACK               startup_stm32f412zx.o


==============================================================================

Image component sizes


      Code (inc. data)   RO Data    RW Data    ZI Data      Debug   Object Name

       618         54          0          0        220     658794   main.o
        36          8        452          0       3584        852   startup_stm32f412zx.o
       180         28          0         12          0       4681   stm32f4xx_hal.o
       216         14          0          0          0      31173   stm32f4xx_hal_cortex.o
      1034         16          8          0          0       7327   stm32f4xx_hal_dma.o
       746         78          0          0          0       4035   stm32f4xx_hal_gpio.o
       352         50          0          0          0       2970   stm32f4xx_hal_msp.o
      2278         72          0          0          0      11629   stm32f4xx_hal_pcd.o
       136          6          0          0          0       3184   stm32f4xx_hal_pcd_ex.o
       476         56          0          0          0       4264   stm32f4xx_hal_rcc.o
      1412         60          0          0          0       3244   stm32f4xx_hal_rcc_ex.o
       984         44          0          0          0      10095   stm32f4xx_hal_tim.o
        84          0          0          0          0       2474   stm32f4xx_hal_tim_ex.o
      1728         28          0          0          0      11841   stm32f4xx_hal_uart.o
        68         24          0          0          0       6143   stm32f4xx_it.o
      2440         56          0          0          0      20828   stm32f4xx_ll_usb.o
        84         18         24          4          0       1203   system_stm32f4xx.o
        56         18          0          0        548       2443   usb_device.o
       590         22          0        275          0      13374   usbd_cdc.o
       480         78          0         32       4096       5472   usbd_cdc_if.o
       798         22          0          0       1024      15527   usbd_conf.o
       626          0          0          0          0      12278   usbd_core.o
      1008         22          0          1          0       8116   usbd_ctlreq.o
       224        120          0         68        512       5899   usbd_desc.o
       132          0          0          0          0       4612   usbd_ioreq.o

    ----------------------------------------------------------------------
     16804        894        516        396       9988     852458   Object Totals
         0          0         32          0          0          0   (incl. Generated)
        18          0          0          4          4          0   (incl. Padding)

    ----------------------------------------------------------------------

      Code (inc. data)   RO Data    RW Data    ZI Data      Debug   Library Member Name

        86          0          0          0          0          0   __dczerorl2.o
         0          0          0          0          0          0   entry.o
         0          0          0          0          0          0   entry10a.o
         0          0          0          0          0          0   entry11a.o
         8          4          0          0          0          0   entry2.o
         4          0          0          0          0          0   entry5.o
         0          0          0          0          0          0   entry7b.o
         0          0          0          0          0          0   entry8b.o
         8          4          0          0          0          0   entry9a.o
        30          0          0          0          0          0   handlers.o
        36          8          0          0          0         68   init.o
        30          0          0          0          0         68   llshl.o
        32          0          0          0          0         68   llushr.o
       188         20          0          0          0        160   malloc.o
        36          0          0          0          0         68   memcpya.o
        36          0          0          0          0        108   memseta.o
         0          0          0          8          0          0   mvars.o
        98          0          0          0          0         92   uldiv.o

    ----------------------------------------------------------------------
       592         36          0          8          0        632   Library Totals
         0          0          0          0          0          0   (incl. Padding)

    ----------------------------------------------------------------------

      Code (inc. data)   RO Data    RW Data    ZI Data      Debug   Library Name

       592         36          0          8          0        632   mc_w.l

    ----------------------------------------------------------------------
       592         36          0          8          0        632   Library Totals

    ----------------------------------------------------------------------

==============================================================================


      Code (inc. data)   RO Data    RW Data    ZI Data      Debug   

     17396        930        516        404       9988     832314   Grand Totals
     17396        930        516        212       9988     832314   ELF Image Totals (compressed)
     17396        930        516        212          0          0   ROM Totals

==============================================================================

    Total RO  Size (Code + RO Data)                17912 (  17.49kB)
    Total RW  Size (RW Data + ZI Data)             10392 (  10.15kB)
    Total ROM Size (Code + RO Data + RW Data)      18124 (  17.70kB)

==============================================================================

